Archive member included to satisfy reference by file (symbol)

D:/Software/STM32CubeIDE_1.15.1/STM32CubeIDE/plugins/com.st.stm32cube.ide.mcu.externaltools.gnu-tools-for-stm32.12.3.rel1.win32_1.0.100.202403111256/tools/bin/../lib/gcc/arm-none-eabi/12.3.1/../../../../arm-none-eabi/lib/thumb/v7e-m+dp/hard\libc_nano.a(libc_a-atoi.o)
                              ./Core/Src/main.o (atoi)
D:/Software/STM32CubeIDE_1.15.1/STM32CubeIDE/plugins/com.st.stm32cube.ide.mcu.externaltools.gnu-tools-for-stm32.12.3.rel1.win32_1.0.100.202403111256/tools/bin/../lib/gcc/arm-none-eabi/12.3.1/../../../../arm-none-eabi/lib/thumb/v7e-m+dp/hard\libc_nano.a(libc_a-exit.o)
                              D:/Software/STM32CubeIDE_1.15.1/STM32CubeIDE/plugins/com.st.stm32cube.ide.mcu.externaltools.gnu-tools-for-stm32.12.3.rel1.win32_1.0.100.202403111256/tools/bin/../lib/gcc/arm-none-eabi/12.3.1/../../../../arm-none-eabi/lib/thumb/v7e-m+dp/hard/crt0.o (exit)
D:/Software/STM32CubeIDE_1.15.1/STM32CubeIDE/plugins/com.st.stm32cube.ide.mcu.externaltools.gnu-tools-for-stm32.12.3.rel1.win32_1.0.100.202403111256/tools/bin/../lib/gcc/arm-none-eabi/12.3.1/../../../../arm-none-eabi/lib/thumb/v7e-m+dp/hard\libc_nano.a(libc_a-strtol.o)
                              D:/Software/STM32CubeIDE_1.15.1/STM32CubeIDE/plugins/com.st.stm32cube.ide.mcu.externaltools.gnu-tools-for-stm32.12.3.rel1.win32_1.0.100.202403111256/tools/bin/../lib/gcc/arm-none-eabi/12.3.1/../../../../arm-none-eabi/lib/thumb/v7e-m+dp/hard\libc_nano.a(libc_a-atoi.o) (_strtol_r)
D:/Software/STM32CubeIDE_1.15.1/STM32CubeIDE/plugins/com.st.stm32cube.ide.mcu.externaltools.gnu-tools-for-stm32.12.3.rel1.win32_1.0.100.202403111256/tools/bin/../lib/gcc/arm-none-eabi/12.3.1/../../../../arm-none-eabi/lib/thumb/v7e-m+dp/hard\libc_nano.a(libc_a-ctype_.o)
                              D:/Software/STM32CubeIDE_1.15.1/STM32CubeIDE/plugins/com.st.stm32cube.ide.mcu.externaltools.gnu-tools-for-stm32.12.3.rel1.win32_1.0.100.202403111256/tools/bin/../lib/gcc/arm-none-eabi/12.3.1/../../../../arm-none-eabi/lib/thumb/v7e-m+dp/hard\libc_nano.a(libc_a-strtol.o) (_ctype_)
D:/Software/STM32CubeIDE_1.15.1/STM32CubeIDE/plugins/com.st.stm32cube.ide.mcu.externaltools.gnu-tools-for-stm32.12.3.rel1.win32_1.0.100.202403111256/tools/bin/../lib/gcc/arm-none-eabi/12.3.1/../../../../arm-none-eabi/lib/thumb/v7e-m+dp/hard\libc_nano.a(libc_a-findfp.o)
                              D:/Software/STM32CubeIDE_1.15.1/STM32CubeIDE/plugins/com.st.stm32cube.ide.mcu.externaltools.gnu-tools-for-stm32.12.3.rel1.win32_1.0.100.202403111256/tools/bin/../lib/gcc/arm-none-eabi/12.3.1/../../../../arm-none-eabi/lib/thumb/v7e-m+dp/hard\libc_nano.a(libc_a-exit.o) (__stdio_exit_handler)
D:/Software/STM32CubeIDE_1.15.1/STM32CubeIDE/plugins/com.st.stm32cube.ide.mcu.externaltools.gnu-tools-for-stm32.12.3.rel1.win32_1.0.100.202403111256/tools/bin/../lib/gcc/arm-none-eabi/12.3.1/../../../../arm-none-eabi/lib/thumb/v7e-m+dp/hard\libc_nano.a(libc_a-fwalk.o)
                              D:/Software/STM32CubeIDE_1.15.1/STM32CubeIDE/plugins/com.st.stm32cube.ide.mcu.externaltools.gnu-tools-for-stm32.12.3.rel1.win32_1.0.100.202403111256/tools/bin/../lib/gcc/arm-none-eabi/12.3.1/../../../../arm-none-eabi/lib/thumb/v7e-m+dp/hard\libc_nano.a(libc_a-findfp.o) (_fwalk_sglue)
D:/Software/STM32CubeIDE_1.15.1/STM32CubeIDE/plugins/com.st.stm32cube.ide.mcu.externaltools.gnu-tools-for-stm32.12.3.rel1.win32_1.0.100.202403111256/tools/bin/../lib/gcc/arm-none-eabi/12.3.1/../../../../arm-none-eabi/lib/thumb/v7e-m+dp/hard\libc_nano.a(libc_a-stdio.o)
                              D:/Software/STM32CubeIDE_1.15.1/STM32CubeIDE/plugins/com.st.stm32cube.ide.mcu.externaltools.gnu-tools-for-stm32.12.3.rel1.win32_1.0.100.202403111256/tools/bin/../lib/gcc/arm-none-eabi/12.3.1/../../../../arm-none-eabi/lib/thumb/v7e-m+dp/hard\libc_nano.a(libc_a-findfp.o) (__sread)
D:/Software/STM32CubeIDE_1.15.1/STM32CubeIDE/plugins/com.st.stm32cube.ide.mcu.externaltools.gnu-tools-for-stm32.12.3.rel1.win32_1.0.100.202403111256/tools/bin/../lib/gcc/arm-none-eabi/12.3.1/../../../../arm-none-eabi/lib/thumb/v7e-m+dp/hard\libc_nano.a(libc_a-memset.o)
                              D:/Software/STM32CubeIDE_1.15.1/STM32CubeIDE/plugins/com.st.stm32cube.ide.mcu.externaltools.gnu-tools-for-stm32.12.3.rel1.win32_1.0.100.202403111256/tools/bin/../lib/gcc/arm-none-eabi/12.3.1/../../../../arm-none-eabi/lib/thumb/v7e-m+dp/hard/crt0.o (memset)
D:/Software/STM32CubeIDE_1.15.1/STM32CubeIDE/plugins/com.st.stm32cube.ide.mcu.externaltools.gnu-tools-for-stm32.12.3.rel1.win32_1.0.100.202403111256/tools/bin/../lib/gcc/arm-none-eabi/12.3.1/../../../../arm-none-eabi/lib/thumb/v7e-m+dp/hard\libc_nano.a(libc_a-strtok.o)
                              ./Core/Src/usart.o (strtok)
[...]
Memory Configuration

Name             Origin             Length             Attributes
RAM              0x20000000         0x00080000         xrw
FLASH            0x08000000         0x00200000         xr
*default*        0x00000000         0xffffffff

Linker script and memory map

LOAD D:/Software/STM32CubeIDE_1.15.1/STM32CubeIDE/plugins/com.st.stm32cube.ide.mcu.externaltools.gnu-tools-for-stm32.12.3.rel1.win32_1.0.100.202403111256/tools/bin/../lib/gcc/arm-none-eabi/12.3.1/thumb/v7e-m+dp/hard/crti.o
LOAD D:/Software/STM32CubeIDE_1.15.1/STM32CubeIDE/plugins/com.st.stm32cube.ide.mcu.externaltools.gnu-tools-for-stm32.12.3.rel1.win32_1.0.100.202403111256/tools/bin/../lib/gcc/arm-none-eabi/12.3.1/thumb/v7e-m+dp/hard/crtbegin.o
LOAD D:/Software/STM32CubeIDE_1.15.1/STM32CubeIDE/plugins/com.st.stm32cube.ide.mcu.externaltools.gnu-tools-for-stm32.12.3.rel1.win32_1.0.100.202403111256/tools/bin/../lib/gcc/arm-none-eabi/12.3.1/../../../../arm-none-eabi/lib/thumb/v7e-m+dp/hard/crt0.o
LOAD ./Core/Src/adc.o
LOAD ./Core/Src/dac.o
LOAD ./Core/Src/dma.o
LOAD ./Core/Src/elec.o
LOAD ./Core/Src/gpio.o
LOAD ./Core/Src/main.o
LOAD ./Core/Src/myspi.o
LOAD ./Core/Src/opto.o
LOAD ./Core/Src/stm32f7xx_hal_msp.o
LOAD ./Core/Src/stm32f7xx_it.o
LOAD ./Core/Src/syscalls.o
LOAD ./Core/Src/sysmem.o
LOAD ./Core/Src/system_stm32f7xx.o
LOAD ./Core/Src/tim.o
LOAD ./Core/Src/usart.o
LOAD ./Core/Startup/startup_stm32f767zitx.o
LOAD ./Drivers/STM32F7xx_HAL_Driver/Src/stm32f7xx_hal.o
LOAD ./Drivers/STM32F7xx_HAL_Driver/Src/stm32f7xx_hal_adc.o
LOAD ./Drivers/STM32F7xx_HAL_Driver/Src/stm32f7xx_hal_adc_ex.o
LOAD ./Drivers/STM32F7xx_HAL_Driver/Src/stm32f7xx_hal_cortex.o
LOAD ./Drivers/STM32F7xx_HAL_Driver/Src/stm32f7xx_hal_dac.o
LOAD ./Drivers/STM32F7xx_HAL_Driver/Src/stm32f7xx_hal_dac_ex.o
LOAD ./Drivers/STM32F7xx_HAL_Driver/Src/stm32f7xx_hal_dma.o
LOAD ./Drivers/STM32F7xx_HAL_Driver/Src/stm32f7xx_hal_dma_ex.o
LOAD ./Drivers/STM32F7xx_HAL_Driver/Src/stm32f7xx_hal_exti.o
LOAD ./Drivers/STM32F7xx_HAL_Driver/Src/stm32f7xx_hal_flash.o
LOAD ./Drivers/STM32F7xx_HAL_Driver/Src/stm32f7xx_hal_flash_ex.o
LOAD ./Drivers/STM32F7xx_HAL_Driver/Src/stm32f7xx_hal_gpio.o
LOAD ./Drivers/STM32F7xx_HAL_Driver/Src/stm32f7xx_hal_i2c.o
LOAD ./Drivers/STM32F7xx_HAL_Driver/Src/stm32f7xx_hal_i2c_ex.o
LOAD ./Drivers/STM32F7xx_HAL_Driver/Src/stm32f7xx_hal_pcd.o
LOAD ./Drivers/STM32F7xx_HAL_Driver/Src/stm32f7xx_hal_pcd_ex.o
LOAD ./Drivers/STM32F7xx_HAL_Driver/Src/stm32f7xx_hal_pwr.o
LOAD ./Drivers/STM32F7xx_HAL_Driver/Src/stm32f7xx_hal_pwr_ex.o
LOAD ./Drivers/STM32F7xx_HAL_Driver/Src/stm32f7xx_hal_rcc.o
LOAD ./Drivers/STM32F7xx_HAL_Driver/Src/stm32f7xx_hal_rcc_ex.o
LOAD ./Drivers/STM32F7xx_HAL_Driver/Src/stm32f7xx_hal_tim.o
LOAD ./Drivers/STM32F7xx_HAL_Driver/Src/stm32f7xx_hal_tim_ex.o
LOAD ./Drivers/STM32F7xx_HAL_Driver/Src/stm32f7xx_hal_uart.o
LOAD ./Drivers/STM32F7xx_HAL_Driver/Src/stm32f7xx_hal_uart_ex.o
LOAD ./Drivers/STM32F7xx_HAL_Driver/Src/stm32f7xx_ll_usb.o
START GROUP
LOAD D:/Software/STM32CubeIDE_1.15.1/STM32CubeIDE/plugins/com.st.stm32cube.ide.mcu.externaltools.gnu-tools-for-stm32.12.3.rel1.win32_1.0.100.202403111256/tools/bin/../lib/gcc/arm-none-eabi/12.3.1/../../../../arm-none-eabi/lib/thumb/v7e-m+dp/hard\libc_nano.a
LOAD D:/Software/STM32CubeIDE_1.15.1/STM32CubeIDE/plugins/com.st.stm32cube.ide.mcu.externaltools.gnu-tools-for-stm32.12.3.rel1.win32_1.0.100.202403111256/tools/bin/../lib/gcc/arm-none-eabi/12.3.1/../../../../arm-none-eabi/lib/thumb/v7e-m+dp/hard\libm.a
END GROUP
START GROUP
LOAD D:/Software/STM32CubeIDE_1.15.1/STM32CubeIDE/plugins/com.st.stm32cube.ide.mcu.externaltools.gnu-tools-for-stm32.12.3.rel1.win32_1.0.100.202403111256/tools/bin/../lib/gcc/arm-none-eabi/12.3.1/thumb/v7e-m+dp/hard\libgcc.a
LOAD D:/Software/STM32CubeIDE_1.15.1/STM32CubeIDE/plugins/com.st.stm32cube.ide.mcu.externaltools.gnu-tools-for-stm32.12.3.rel1.win32_1.0.100.202403111256/tools/bin/../lib/gcc/arm-none-eabi/12.3.1/../../../../arm-none-eabi/lib/thumb/v7e-m+dp/hard\libc_nano.a
END GROUP
START GROUP
LOAD D:/Software/STM32CubeIDE_1.15.1/STM32CubeIDE/plugins/com.st.stm32cube.ide.mcu.externaltools.gnu-tools-for-stm32.12.3.rel1.win32_1.0.100.202403111256/tools/bin/../lib/gcc/arm-none-eabi/12.3.1/thumb/v7e-m+dp/hard\libgcc.a
LOAD D:/Software/STM32CubeIDE_1.15.1/STM32CubeIDE/plugins/com.st.stm32cube.ide.mcu.externaltools.gnu-tools-for-stm32.12.3.rel1.win32_1.0.100.202403111256/tools/bin/../lib/gcc/arm-none-eabi/12.3.1/../../../../arm-none-eabi/lib/thumb/v7e-m+dp/hard\libc_nano.a
LOAD D:/Software/STM32CubeIDE_1.15.1/STM32CubeIDE/plugins/com.st.stm32cube.ide.mcu.externaltools.gnu-tools-for-stm32.12.3.rel1.win32_1.0.100.202403111256/tools/bin/../lib/gcc/arm-none-eabi/12.3.1/../../../../arm-none-eabi/lib/thumb/v7e-m+dp/hard\libnosys.a
END GROUP
START GROUP
LOAD D:/Software/STM32CubeIDE_1.15.1/STM32CubeIDE/plugins/com.st.stm32cube.ide.mcu.externaltools.gnu-tools-for-stm32.12.3.rel1.win32_1.0.100.202403111256/tools/bin/../lib/gcc/arm-none-eabi/12.3.1/thumb/v7e-m+dp/hard\libgcc.a
LOAD D:/Software/STM32CubeIDE_1.15.1/STM32CubeIDE/plugins/com.st.stm32cube.ide.mcu.externaltools.gnu-tools-for-stm32.12.3.rel1.win32_1.0.100.202403111256/tools/bin/../lib/gcc/arm-none-eabi/12.3.1/../../../../arm-none-eabi/lib/thumb/v7e-m+dp/hard\libc_nano.a
LOAD D:/Software/STM32CubeIDE_1.15.1/STM32CubeIDE/plugins/com.st.stm32cube.ide.mcu.externaltools.gnu-tools-for-stm32.12.3.rel1.win32_1.0.100.202403111256/tools/bin/../lib/gcc/arm-none-eabi/12.3.1/../../../../arm-none-eabi/lib/thumb/v7e-m+dp/hard\libnosys.a
END GROUP
LOAD D:/Software/STM32CubeIDE_1.15.1/STM32CubeIDE/plugins/com.st.stm32cube.ide.mcu.externaltools.gnu-tools-for-stm32.12.3.rel1.win32_1.0.100.202403111256/tools/bin/../lib/gcc/arm-none-eabi/12.3.1/thumb/v7e-m+dp/hard/crtend.o
LOAD D:/Software/STM32CubeIDE_1.15.1/STM32CubeIDE/plugins/com.st.stm32cube.ide.mcu.externaltools.gnu-tools-for-stm32.12.3.rel1.win32_1.0.100.202403111256/tools/bin/../lib/gcc/arm-none-eabi/12.3.1/thumb/v7e-m+dp/hard/crtn.o
                0x20080000                        _estack = (ORIGIN (RAM) + LENGTH (RAM))
                0x00000200                        _Min_Heap_Size = 0x200
                0x00000400                        _Min_Stack_Size = 0x400

.isr_vector     0x08000000      0x1f8
                0x08000000                        . = ALIGN (0x4)
 *(.isr_vector)
 .isr_vector    0x08000000      0x1f8 ./Core/Startup/startup_stm32f767zitx.o
                0x08000000                g_pfnVectors
                0x080001f8                        . = ALIGN (0x4)

.text           0x08000200     0x880c
                0x08000200                        . = ALIGN (0x4)
 *(.text)
 .text          0x08000200       0x40 D:/Software/STM32CubeIDE_1.15.1/STM32CubeIDE/plugins/com.st.stm32cube.ide.mcu.externaltools.gnu-tools-for-stm32.12.3.rel1.win32_1.0.100.202403111256/tools/bin/../lib/gcc/arm-none-eabi/12.3.1/thumb/v7e-m+dp/hard/crtbegin.o
 .text          0x08000240       0x14 D:/Software/STM32CubeIDE_1.15.1/STM32CubeIDE/plugins/com.st.stm32cube.ide.mcu.externaltools.gnu-tools-for-stm32.12.3.rel1.win32_1.0.100.202403111256/tools/bin/../lib/gcc/arm-none-eabi/12.3.1/../../../../arm-none-eabi/lib/thumb/v7e-m+dp/hard\libc_nano.a(libc_a-strcmp.o)
                0x08000240                strcmp
 *fill*         0x08000254        0xc 
 .text          0x08000260       0xa0 D:/Software/STM32CubeIDE_1.15.1/STM32CubeIDE/plugins/com.st.stm32cube.ide.mcu.externaltools.gnu-tools-for-stm32.12.3.rel1.win32_1.0.100.202403111256/tools/bin/../lib/gcc/arm-none-eabi/12.3.1/../../../../arm-none-eabi/lib/thumb/v7e-m+dp/hard\libc_nano.a(libc_a-memchr.o)
                0x08000260                memchr
 .text          0x08000300       0x30 D:/Software/STM32CubeIDE_1.15.1/STM32CubeIDE/plugins/com.st.stm32cube.ide.mcu.externaltools.gnu-tools-for-stm32.12.3.rel1.win32_1.0.100.202403111256/tools/bin/../lib/gcc/arm-none-eabi/12.3.1/thumb/v7e-m+dp/hard\libgcc.a(_aeabi_uldivmod.o)
                0x08000300                __aeabi_uldivmod
 .text          0x08000330      0x2bc D:/Software/STM32CubeIDE_1.15.1/STM32CubeIDE/plugins/com.st.stm32cube.ide.mcu.externaltools.gnu-tools-for-stm32.12.3.rel1.win32_1.0.100.202403111256/tools/bin/../lib/gcc/arm-none-eabi/12.3.1/thumb/v7e-m+dp/hard\libgcc.a(_udivmoddi4.o)
                0x08000330                __udivmoddi4
 .text          0x080005ec        0x4 D:/Software/STM32CubeIDE_1.15.1/STM32CubeIDE/plugins/com.st.stm32cube.ide.mcu.externaltools.gnu-tools-for-stm32.12.3.rel1.win32_1.0.100.202403111256/tools/bin/../lib/gcc/arm-none-eabi/12.3.1/thumb/v7e-m+dp/hard\libgcc.a(_dvmd_tls.o)
                0x080005ec                __aeabi_idiv0
                0x080005ec                __aeabi_ldiv0
 *(.text*)
 .text.TIM7_IRQHandler
                0x080005f0       0xa0 ./Core/Src/adc.o
                0x080005f0                TIM7_IRQHandler
 .text.MX_ADC1_Init
                0x08000690       0xa4 ./Core/Src/adc.o
                0x08000690                MX_ADC1_Init
 .text.HAL_ADC_MspInit
                0x08000734       0xe8 ./Core/Src/adc.o
                0x08000734                HAL_ADC_MspInit
 .text.MX_DAC_Init
                0x0800081c       0x68 ./Core/Src/dac.o
                0x0800081c                MX_DAC_Init
 .text.HAL_DAC_MspInit
                0x08000884       0x90 ./Core/Src/dac.o
                0x08000884                HAL_DAC_MspInit
 .text.MX_DMA_Init
                0x08000914       0x3c ./Core/Src/dma.o
                0x08000914                MX_DMA_Init
 .text.TIM1_UP_TIM10_IRQHandler
                0x08000950       0x4c ./Core/Src/elec.o
                0x08000950                TIM1_UP_TIM10_IRQHandler
 .text.TIM1_BRK_TIM9_IRQHandler
                0x0800099c       0x4c ./Core/Src/elec.o
                0x0800099c                TIM1_BRK_TIM9_IRQHandler
 .text.FloatState
                0x080009e8       0x2e ./Core/Src/elec.o
                0x080009e8                FloatState
 .text.Current_steering
                0x08000a16       0x2a ./Core/Src/elec.o
                0x08000a16                Current_steering
 .text.elecstimulation
                0x08000a40      0x168 ./Core/Src/elec.o
                0x08000a40                elecstimulation
 .text.MX_GPIO_Init
                0x08000ba8      0x460 ./Core/Src/gpio.o
                0x08000ba8                MX_GPIO_Init
 .text.TIM2_IRQHandler
                0x08001008       0xc0 ./Core/Src/main.o
                0x08001008                TIM2_IRQHandler
 .text.TIM1_TRG_COM_TIM11_IRQHandler
                0x080010c8       0x4c ./Core/Src/main.o
                0x080010c8                TIM1_TRG_COM_TIM11_IRQHandler
 .text.main     0x08001114     0x126c ./Core/Src/main.o
                0x08001114                main
 .text.SystemClock_Config
                0x08002380       0xe4 ./Core/Src/main.o
                0x08002380                SystemClock_Config
 .text.Error_Handler
                0x08002464        0xc ./Core/Src/main.o
                0x08002464                Error_Handler
 .text.MySPI_SendByte2AD5726
                0x08002470       0xc0 ./Core/Src/myspi.o
                0x08002470                MySPI_SendByte2AD5726
 .text.FixState
                0x08002530       0x2c ./Core/Src/opto.o
                0x08002530                FixState
 .text.ForwardState
                0x0800255c       0x2c ./Core/Src/opto.o
                0x0800255c                ForwardState
 .text.ReverseState
                0x08002588       0x2c ./Core/Src/opto.o
                0x08002588                ReverseState
 .text.TIM8_UP_TIM13_IRQHandler
                0x080025b4       0x4c ./Core/Src/opto.o
                0x080025b4                TIM8_UP_TIM13_IRQHandler
 .text.TIM8_BRK_TIM12_IRQHandler
                0x08002600       0xd8 ./Core/Src/opto.o
                0x08002600                TIM8_BRK_TIM12_IRQHandler
 .text.optostimulation
                0x080026d8       0xcc ./Core/Src/opto.o
                0x080026d8                optostimulation
 .text.HAL_MspInit
                0x080027a4       0x48 ./Core/Src/stm32f7xx_hal_msp.o
                0x080027a4                HAL_MspInit
 .text.NMI_Handler
                0x080027ec        0x8 ./Core/Src/stm32f7xx_it.o
                0x080027ec                NMI_Handler
 .text.HardFault_Handler
                0x080027f4        0x8 ./Core/Src/stm32f7xx_it.o
                0x080027f4                HardFault_Handler
 .text.MemManage_Handler
                0x080027fc        0x8 ./Core/Src/stm32f7xx_it.o
                0x080027fc                MemManage_Handler
 .text.BusFault_Handler
                0x08002804        0x8 ./Core/Src/stm32f7xx_it.o
                0x08002804                BusFault_Handler
 .text.UsageFault_Handler
                0x0800280c        0x8 ./Core/Src/stm32f7xx_it.o
                0x0800280c                UsageFault_Handler
 .text.SVC_Handler
                0x08002814        0xe ./Core/Src/stm32f7xx_it.o
                0x08002814                SVC_Handler
 .text.DebugMon_Handler
                0x08002822        0xe ./Core/Src/stm32f7xx_it.o
                0x08002822                DebugMon_Handler
 .text.PendSV_Handler
                0x08002830        0xe ./Core/Src/stm32f7xx_it.o
                0x08002830                PendSV_Handler
 .text.SysTick_Handler
                0x0800283e        0xc ./Core/Src/stm32f7xx_it.o
                0x0800283e                SysTick_Handler
 *fill*         0x0800284a        0x2 
 .text.DMA2_Stream0_IRQHandler
                0x0800284c       0x14 ./Core/Src/stm32f7xx_it.o
                0x0800284c                DMA2_Stream0_IRQHandler
 .text._getpid  0x08002860       0x10 ./Core/Src/syscalls.o
                0x08002860                _getpid
 .text._kill    0x08002870       0x20 ./Core/Src/syscalls.o
                0x08002870                _kill
 .text._exit    0x08002890       0x16 ./Core/Src/syscalls.o
                0x08002890                _exit
 .text._read    0x080028a6       0x3a ./Core/Src/syscalls.o
                0x080028a6                _read
 .text._write   0x080028e0       0x38 ./Core/Src/syscalls.o
                0x080028e0                _write
 .text._close   0x08002918       0x18 ./Core/Src/syscalls.o
                0x08002918                _close
 .text._fstat   0x08002930       0x20 ./Core/Src/syscalls.o
                0x08002930                _fstat
 .text._isatty  0x08002950       0x16 ./Core/Src/syscalls.o
                0x08002950                _isatty
 .text._lseek   0x08002966       0x1a ./Core/Src/syscalls.o
                0x08002966                _lseek
 .text._sbrk    0x08002980       0x6c ./Core/Src/sysmem.o
                0x08002980                _sbrk
 .text.SystemInit
                0x080029ec       0x24 ./Core/Src/system_stm32f7xx.o
                0x080029ec                SystemInit
 .text.MX_TIM2_Init
                0x08002a10       0x9c ./Core/Src/tim.o
                0x08002a10                MX_TIM2_Init
 .text.MX_TIM7_Init
                0x08002aac       0x6c ./Core/Src/tim.o
                0x08002aac                MX_TIM7_Init
 .text.MX_TIM9_Init
                0x08002b18       0x74 ./Core/Src/tim.o
                0x08002b18                MX_TIM9_Init
 .text.MX_TIM10_Init
                0x08002b8c       0x44 ./Core/Src/tim.o
                0x08002b8c                MX_TIM10_Init
 .text.MX_TIM11_Init
                0x08002bd0       0x48 ./Core/Src/tim.o
                0x08002bd0                MX_TIM11_Init
 .text.MX_TIM12_Init
                0x08002c18       0x74 ./Core/Src/tim.o
                0x08002c18                MX_TIM12_Init
 .text.MX_TIM13_Init
                0x08002c8c       0x48 ./Core/Src/tim.o
                0x08002c8c                MX_TIM13_Init
 .text.MX_TIM14_Init
                0x08002cd4       0x4c ./Core/Src/tim.o
                0x08002cd4                MX_TIM14_Init
 .text.HAL_TIM_Base_MspInit
                0x08002d20      0x198 ./Core/Src/tim.o
                0x08002d20                HAL_TIM_Base_MspInit
 .text.USART3_IRQHandler
                0x08002eb8      0x174 ./Core/Src/usart.o
                0x08002eb8                USART3_IRQHandler
 .text.MX_USART3_UART_Init
                0x0800302c       0x70 ./Core/Src/usart.o
                0x0800302c                MX_USART3_UART_Init
 .text.HAL_UART_MspInit
                0x0800309c       0xd0 ./Core/Src/usart.o
                0x0800309c                HAL_UART_MspInit
 .text.getCmd   0x0800316c       0x48 ./Core/Src/usart.o
                0x0800316c                getCmd
 .text.parseCmd_O
                0x080031b4       0xdc ./Core/Src/usart.o
                0x080031b4                parseCmd_O
 .text.parseCmd_E
                0x08003290      0x13c ./Core/Src/usart.o
                0x08003290                parseCmd_E
 .text.Reset_Handler
                0x080033cc       0x50 ./Core/Startup/startup_stm32f767zitx.o
                0x080033cc                Reset_Handler
 .text.Default_Handler
                0x0800341c        0x2 ./Core/Startup/startup_stm32f767zitx.o
                0x0800341c                RTC_Alarm_IRQHandler
                0x0800341c                EXTI2_IRQHandler
                0x0800341c                TIM8_CC_IRQHandler
                0x0800341c                UART8_IRQHandler
                0x0800341c                SPI4_IRQHandler
                0x0800341c                TIM1_CC_IRQHandler
                0x0800341c                DMA2_Stream5_IRQHandler
                0x0800341c                JPEG_IRQHandler
                0x0800341c                DMA1_Stream5_IRQHandler
                0x0800341c                CAN3_RX1_IRQHandler
                0x0800341c                PVD_IRQHandler
                0x0800341c                TAMP_STAMP_IRQHandler
                0x0800341c                CAN2_RX1_IRQHandler
                0x0800341c                EXTI3_IRQHandler
                0x0800341c                TIM8_TRG_COM_TIM14_IRQHandler
                0x0800341c                DFSDM1_FLT1_IRQHandler
                0x0800341c                I2C3_ER_IRQHandler
                0x0800341c                DFSDM1_FLT2_IRQHandler
                0x0800341c                EXTI0_IRQHandler
                0x0800341c                I2C2_EV_IRQHandler
                0x0800341c                DMA1_Stream2_IRQHandler
                0x0800341c                CAN1_RX0_IRQHandler
                0x0800341c                FPU_IRQHandler
                0x0800341c                OTG_HS_WKUP_IRQHandler
                0x0800341c                CAN3_SCE_IRQHandler
                0x0800341c                LTDC_ER_IRQHandler
                0x0800341c                CAN2_SCE_IRQHandler
                0x0800341c                DMA2_Stream2_IRQHandler
                0x0800341c                SPI1_IRQHandler
                0x0800341c                TIM6_DAC_IRQHandler
                0x0800341c                DCMI_IRQHandler
                0x0800341c                CAN2_RX0_IRQHandler
                0x0800341c                DMA2_Stream3_IRQHandler
                0x0800341c                SAI2_IRQHandler
                0x0800341c                DFSDM1_FLT3_IRQHandler
                0x0800341c                USART6_IRQHandler
                0x0800341c                CAN3_RX0_IRQHandler
                0x0800341c                CAN1_RX1_IRQHandler
                0x0800341c                UART5_IRQHandler
                0x0800341c                TIM4_IRQHandler
                0x0800341c                QUADSPI_IRQHandler
                0x0800341c                I2C1_EV_IRQHandler
                0x0800341c                DMA1_Stream6_IRQHandler
                0x0800341c                DMA1_Stream1_IRQHandler
                0x0800341c                UART4_IRQHandler
                0x0800341c                TIM3_IRQHandler
                0x0800341c                RCC_IRQHandler
                0x0800341c                Default_Handler
                0x0800341c                CEC_IRQHandler
                0x0800341c                EXTI15_10_IRQHandler
                0x0800341c                ADC_IRQHandler
                0x0800341c                DMA1_Stream7_IRQHandler
                0x0800341c                SPI5_IRQHandler
                0x0800341c                SDMMC1_IRQHandler
                0x0800341c                CAN2_TX_IRQHandler
                0x0800341c                TIM5_IRQHandler
                0x0800341c                DMA2_Stream7_IRQHandler
                0x0800341c                I2C3_EV_IRQHandler
                0x0800341c                EXTI9_5_IRQHandler
                0x0800341c                RTC_WKUP_IRQHandler
                0x0800341c                LTDC_IRQHandler
                0x0800341c                ETH_WKUP_IRQHandler
                0x0800341c                SPDIF_RX_IRQHandler
                0x0800341c                SPI2_IRQHandler
                0x0800341c                OTG_HS_EP1_IN_IRQHandler
                0x0800341c                DMA1_Stream0_IRQHandler
                0x0800341c                CAN1_TX_IRQHandler
                0x0800341c                EXTI4_IRQHandler
                0x0800341c                RNG_IRQHandler
                0x0800341c                ETH_IRQHandler
                0x0800341c                OTG_HS_EP1_OUT_IRQHandler
                0x0800341c                WWDG_IRQHandler
                0x0800341c                SPI6_IRQHandler
                0x0800341c                MDIOS_IRQHandler
                0x0800341c                I2C4_EV_IRQHandler
                0x0800341c                CAN3_TX_IRQHandler
                0x0800341c                OTG_FS_WKUP_IRQHandler
                0x0800341c                OTG_HS_IRQHandler
                0x0800341c                DMA2D_IRQHandler
                0x0800341c                EXTI1_IRQHandler
                0x0800341c                SDMMC2_IRQHandler
                0x0800341c                UART7_IRQHandler
                0x0800341c                USART2_IRQHandler
                0x0800341c                DFSDM1_FLT0_IRQHandler
                0x0800341c                I2C2_ER_IRQHandler
                0x0800341c                DMA2_Stream1_IRQHandler
                0x0800341c                CAN1_SCE_IRQHandler
                0x0800341c                FLASH_IRQHandler
                0x0800341c                DMA2_Stream4_IRQHandler
                0x0800341c                USART1_IRQHandler
                0x0800341c                OTG_FS_IRQHandler
                0x0800341c                SPI3_IRQHandler
                0x0800341c                DMA1_Stream4_IRQHandler
                0x0800341c                I2C1_ER_IRQHandler
                0x0800341c                FMC_IRQHandler
                0x0800341c                LPTIM1_IRQHandler
                0x0800341c                I2C4_ER_IRQHandler
                0x0800341c                DMA2_Stream6_IRQHandler
                0x0800341c                SAI1_IRQHandler
                0x0800341c                DMA1_Stream3_IRQHandler
 .text.HAL_Init
                0x0800341e       0x1a ./Drivers/STM32F7xx_HAL_Driver/Src/stm32f7xx_hal.o
                0x0800341e                HAL_Init
 .text.HAL_InitTick
                0x08003438       0x60 ./Drivers/STM32F7xx_HAL_Driver/Src/stm32f7xx_hal.o
                0x08003438                HAL_InitTick
 .text.HAL_IncTick
                0x08003498       0x28 ./Drivers/STM32F7xx_HAL_Driver/Src/stm32f7xx_hal.o
                0x08003498                HAL_IncTick
 .text.HAL_GetTick
                0x080034c0       0x18 ./Drivers/STM32F7xx_HAL_Driver/Src/stm32f7xx_hal.o
                0x080034c0                HAL_GetTick
 .text.HAL_ADC_Init
                0x080034d8       0x88 ./Drivers/STM32F7xx_HAL_Driver/Src/stm32f7xx_hal_adc.o
                0x080034d8                HAL_ADC_Init
 .text.HAL_ADC_Start_DMA
                0x08003560      0x1f4 ./Drivers/STM32F7xx_HAL_Driver/Src/stm32f7xx_hal_adc.o
                0x08003560                HAL_ADC_Start_DMA
 .text.HAL_ADC_ConvCpltCallback
                0x08003754       0x14 ./Drivers/STM32F7xx_HAL_Driver/Src/stm32f7xx_hal_adc.o
                0x08003754                HAL_ADC_ConvCpltCallback
 .text.HAL_ADC_ConvHalfCpltCallback
                0x08003768       0x14 ./Drivers/STM32F7xx_HAL_Driver/Src/stm32f7xx_hal_adc.o
                0x08003768                HAL_ADC_ConvHalfCpltCallback
 .text.HAL_ADC_ErrorCallback
                0x0800377c       0x14 ./Drivers/STM32F7xx_HAL_Driver/Src/stm32f7xx_hal_adc.o
                0x0800377c                HAL_ADC_ErrorCallback
 .text.HAL_ADC_ConfigChannel
                0x08003790      0x2ac ./Drivers/STM32F7xx_HAL_Driver/Src/stm32f7xx_hal_adc.o
                0x08003790                HAL_ADC_ConfigChannel
 .text.ADC_Init
                0x08003a3c      0x1f4 ./Drivers/STM32F7xx_HAL_Driver/Src/stm32f7xx_hal_adc.o
 .text.ADC_DMAConvCplt
                0x08003c30       0xba ./Drivers/STM32F7xx_HAL_Driver/Src/stm32f7xx_hal_adc.o
 .text.ADC_DMAHalfConvCplt
                0x08003cea       0x1c ./Drivers/STM32F7xx_HAL_Driver/Src/stm32f7xx_hal_adc.o
 .text.ADC_DMAError
                0x08003d06       0x2e ./Drivers/STM32F7xx_HAL_Driver/Src/stm32f7xx_hal_adc.o
 .text.__NVIC_SetPriorityGrouping
                0x08003d34       0x48 ./Drivers/STM32F7xx_HAL_Driver/Src/stm32f7xx_hal_cortex.o
 .text.__NVIC_GetPriorityGrouping
                0x08003d7c       0x1c ./Drivers/STM32F7xx_HAL_Driver/Src/stm32f7xx_hal_cortex.o
 .text.__NVIC_EnableIRQ
                0x08003d98       0x3c ./Drivers/STM32F7xx_HAL_Driver/Src/stm32f7xx_hal_cortex.o
 .text.__NVIC_DisableIRQ
                0x08003dd4       0x48 ./Drivers/STM32F7xx_HAL_Driver/Src/stm32f7xx_hal_cortex.o
 .text.__NVIC_SetPriority
                0x08003e1c       0x54 ./Drivers/STM32F7xx_HAL_Driver/Src/stm32f7xx_hal_cortex.o
 .text.NVIC_EncodePriority
                0x08003e70       0x66 ./Drivers/STM32F7xx_HAL_Driver/Src/stm32f7xx_hal_cortex.o
 *fill*         0x08003ed6        0x2 
 .text.SysTick_Config
                0x08003ed8       0x44 ./Drivers/STM32F7xx_HAL_Driver/Src/stm32f7xx_hal_cortex.o
 .text.HAL_NVIC_SetPriorityGrouping
                0x08003f1c       0x16 ./Drivers/STM32F7xx_HAL_Driver/Src/stm32f7xx_hal_cortex.o
                0x08003f1c                HAL_NVIC_SetPriorityGrouping
 .text.HAL_NVIC_SetPriority
                0x08003f32       0x38 ./Drivers/STM32F7xx_HAL_Driver/Src/stm32f7xx_hal_cortex.o
                0x08003f32                HAL_NVIC_SetPriority
 .text.HAL_NVIC_EnableIRQ
                0x08003f6a       0x1c ./Drivers/STM32F7xx_HAL_Driver/Src/stm32f7xx_hal_cortex.o
                0x08003f6a                HAL_NVIC_EnableIRQ
 .text.HAL_NVIC_DisableIRQ
                0x08003f86       0x1c ./Drivers/STM32F7xx_HAL_Driver/Src/stm32f7xx_hal_cortex.o
                0x08003f86                HAL_NVIC_DisableIRQ
 .text.HAL_SYSTICK_Config
                0x08003fa2       0x18 ./Drivers/STM32F7xx_HAL_Driver/Src/stm32f7xx_hal_cortex.o
                0x08003fa2                HAL_SYSTICK_Config
 .text.HAL_DAC_Init
                0x08003fba       0x44 ./Drivers/STM32F7xx_HAL_Driver/Src/stm32f7xx_hal_dac.o
                0x08003fba                HAL_DAC_Init
 .text.HAL_DAC_Start
                0x08003ffe       0xae ./Drivers/STM32F7xx_HAL_Driver/Src/stm32f7xx_hal_dac.o
                0x08003ffe                HAL_DAC_Start
 .text.HAL_DAC_SetValue
                0x080040ac       0x54 ./Drivers/STM32F7xx_HAL_Driver/Src/stm32f7xx_hal_dac.o
                0x080040ac                HAL_DAC_SetValue
 .text.HAL_DAC_ConfigChannel
                0x08004100       0xb2 ./Drivers/STM32F7xx_HAL_Driver/Src/stm32f7xx_hal_dac.o
                0x08004100                HAL_DAC_ConfigChannel
 *fill*         0x080041b2        0x2 
 .text.HAL_DMA_Init
                0x080041b4      0x15c ./Drivers/STM32F7xx_HAL_Driver/Src/stm32f7xx_hal_dma.o
                0x080041b4                HAL_DMA_Init
 .text.HAL_DMA_Start_IT
                0x08004310       0xc0 ./Drivers/STM32F7xx_HAL_Driver/Src/stm32f7xx_hal_dma.o
                0x08004310                HAL_DMA_Start_IT
 .text.HAL_DMA_Abort
                0x080043d0       0xe0 ./Drivers/STM32F7xx_HAL_Driver/Src/stm32f7xx_hal_dma.o
                0x080043d0                HAL_DMA_Abort
 .text.HAL_DMA_Abort_IT
                0x080044b0       0x44 ./Drivers/STM32F7xx_HAL_Driver/Src/stm32f7xx_hal_dma.o
                0x080044b0                HAL_DMA_Abort_IT
 .text.HAL_DMA_IRQHandler
                0x080044f4      0x314 ./Drivers/STM32F7xx_HAL_Driver/Src/stm32f7xx_hal_dma.o
                0x080044f4                HAL_DMA_IRQHandler
 .text.DMA_SetConfig
                0x08004808       0x5c ./Drivers/STM32F7xx_HAL_Driver/Src/stm32f7xx_hal_dma.o
 .text.DMA_CalcBaseAndBitshift
                0x08004864       0x6c ./Drivers/STM32F7xx_HAL_Driver/Src/stm32f7xx_hal_dma.o
 .text.DMA_CheckFifoParam
                0x080048d0       0xf8 ./Drivers/STM32F7xx_HAL_Driver/Src/stm32f7xx_hal_dma.o
 .text.HAL_GPIO_Init
                0x080049c8      0x358 ./Drivers/STM32F7xx_HAL_Driver/Src/stm32f7xx_hal_gpio.o
                0x080049c8                HAL_GPIO_Init
 .text.HAL_GPIO_WritePin
                0x08004d20       0x32 ./Drivers/STM32F7xx_HAL_Driver/Src/stm32f7xx_hal_gpio.o
                0x08004d20                HAL_GPIO_WritePin
 *fill*         0x08004d52        0x2 
 .text.HAL_I2CEx_EnableFastModePlus
                0x08004d54       0x40 ./Drivers/STM32F7xx_HAL_Driver/Src/stm32f7xx_hal_i2c_ex.o
                0x08004d54                HAL_I2CEx_EnableFastModePlus
 .text.HAL_PWR_EnableBkUpAccess
                0x08004d94       0x20 ./Drivers/STM32F7xx_HAL_Driver/Src/stm32f7xx_hal_pwr.o
                0x08004d94                HAL_PWR_EnableBkUpAccess
 .text.HAL_PWREx_EnableOverDrive
                0x08004db4       0xa0 ./Drivers/STM32F7xx_HAL_Driver/Src/stm32f7xx_hal_pwr_ex.o
                0x08004db4                HAL_PWREx_EnableOverDrive
 .text.HAL_RCC_OscConfig
                0x08004e54      0x55c ./Drivers/STM32F7xx_HAL_Driver/Src/stm32f7xx_hal_rcc.o
                0x08004e54                HAL_RCC_OscConfig
 .text.HAL_RCC_ClockConfig
                0x080053b0      0x1d8 ./Drivers/STM32F7xx_HAL_Driver/Src/stm32f7xx_hal_rcc.o
                0x080053b0                HAL_RCC_ClockConfig
 .text.HAL_RCC_GetSysClockFreq
                0x08005588      0x20c ./Drivers/STM32F7xx_HAL_Driver/Src/stm32f7xx_hal_rcc.o
                0x08005588                HAL_RCC_GetSysClockFreq
 .text.HAL_RCC_GetHCLKFreq
                0x08005794       0x18 ./Drivers/STM32F7xx_HAL_Driver/Src/stm32f7xx_hal_rcc.o
                0x08005794                HAL_RCC_GetHCLKFreq
 .text.HAL_RCC_GetPCLK1Freq
                0x080057ac       0x28 ./Drivers/STM32F7xx_HAL_Driver/Src/stm32f7xx_hal_rcc.o
                0x080057ac                HAL_RCC_GetPCLK1Freq
 .text.HAL_RCC_GetPCLK2Freq
                0x080057d4       0x28 ./Drivers/STM32F7xx_HAL_Driver/Src/stm32f7xx_hal_rcc.o
                0x080057d4                HAL_RCC_GetPCLK2Freq
 .text.HAL_RCCEx_PeriphCLKConfig
                0x080057fc      0x850 ./Drivers/STM32F7xx_HAL_Driver/Src/stm32f7xx_hal_rcc_ex.o
                0x080057fc                HAL_RCCEx_PeriphCLKConfig
 .text.HAL_TIM_Base_Init
                0x0800604c       0xae ./Drivers/STM32F7xx_HAL_Driver/Src/stm32f7xx_hal_tim.o
                0x0800604c                HAL_TIM_Base_Init
 *fill*         0x080060fa        0x2 
 .text.HAL_TIM_Base_Start_IT
                0x080060fc       0xf0 ./Drivers/STM32F7xx_HAL_Driver/Src/stm32f7xx_hal_tim.o
                0x080060fc                HAL_TIM_Base_Start_IT
 .text.HAL_TIM_Base_Stop_IT
                0x080061ec       0x5e ./Drivers/STM32F7xx_HAL_Driver/Src/stm32f7xx_hal_tim.o
                0x080061ec                HAL_TIM_Base_Stop_IT
 *fill*         0x0800624a        0x2 
 .text.HAL_TIM_ConfigClockSource
                0x0800624c      0x194 ./Drivers/STM32F7xx_HAL_Driver/Src/stm32f7xx_hal_tim.o
                0x0800624c                HAL_TIM_ConfigClockSource
 .text.TIM_Base_SetConfig
                0x080063e0      0x158 ./Drivers/STM32F7xx_HAL_Driver/Src/stm32f7xx_hal_tim.o
                0x080063e0                TIM_Base_SetConfig
 .text.TIM_TI1_ConfigInputStage
                0x08006538       0x5e ./Drivers/STM32F7xx_HAL_Driver/Src/stm32f7xx_hal_tim.o
 .text.TIM_TI2_ConfigInputStage
                0x08006596       0x60 ./Drivers/STM32F7xx_HAL_Driver/Src/stm32f7xx_hal_tim.o
 .text.TIM_ITRx_SetConfig
                0x080065f6       0x36 ./Drivers/STM32F7xx_HAL_Driver/Src/stm32f7xx_hal_tim.o
 .text.TIM_ETR_SetConfig
                0x0800662c       0x40 ./Drivers/STM32F7xx_HAL_Driver/Src/stm32f7xx_hal_tim.o
                0x0800662c                TIM_ETR_SetConfig
 .text.HAL_TIMEx_MasterConfigSynchronization
                0x0800666c      0x11c ./Drivers/STM32F7xx_HAL_Driver/Src/stm32f7xx_hal_tim_ex.o
                0x0800666c                HAL_TIMEx_MasterConfigSynchronization
 .text.HAL_UART_Init
                0x08006788       0x9c ./Drivers/STM32F7xx_HAL_Driver/Src/stm32f7xx_hal_uart.o
                0x08006788                HAL_UART_Init
 .text.HAL_UART_Transmit
                0x08006824      0x112 ./Drivers/STM32F7xx_HAL_Driver/Src/stm32f7xx_hal_uart.o
                0x08006824                HAL_UART_Transmit
 *fill*         0x08006936        0x2 
 .text.HAL_UART_IRQHandler
                0x08006938      0x5d0 ./Drivers/STM32F7xx_HAL_Driver/Src/stm32f7xx_hal_uart.o
                0x08006938                HAL_UART_IRQHandler
 .text.HAL_UART_TxCpltCallback
                0x08006f08       0x14 ./Drivers/STM32F7xx_HAL_Driver/Src/stm32f7xx_hal_uart.o
                0x08006f08                HAL_UART_TxCpltCallback
 .text.HAL_UART_ErrorCallback
                0x08006f1c       0x14 ./Drivers/STM32F7xx_HAL_Driver/Src/stm32f7xx_hal_uart.o
                0x08006f1c                HAL_UART_ErrorCallback
 .text.HAL_UARTEx_RxEventCallback
                0x08006f30       0x18 ./Drivers/STM32F7xx_HAL_Driver/Src/stm32f7xx_hal_uart.o
                0x08006f30                HAL_UARTEx_RxEventCallback
 .text.HAL_UARTEx_WakeupCallback
                0x08006f48       0x14 ./Drivers/STM32F7xx_HAL_Driver/Src/stm32f7xx_hal_uart.o
                0x08006f48                HAL_UARTEx_WakeupCallback
 .text.UART_SetConfig
                0x08006f5c      0x4c8 ./Drivers/STM32F7xx_HAL_Driver/Src/stm32f7xx_hal_uart.o
                0x08006f5c                UART_SetConfig
 .text.UART_AdvFeatureConfig
                0x08007424      0x144 ./Drivers/STM32F7xx_HAL_Driver/Src/stm32f7xx_hal_uart.o
                0x08007424                UART_AdvFeatureConfig
 .text.UART_CheckIdleState
                0x08007568      0x150 ./Drivers/STM32F7xx_HAL_Driver/Src/stm32f7xx_hal_uart.o
                0x08007568                UART_CheckIdleState
 .text.UART_WaitOnFlagUntilTimeout
                0x080076b8       0xda ./Drivers/STM32F7xx_HAL_Driver/Src/stm32f7xx_hal_uart.o
                0x080076b8                UART_WaitOnFlagUntilTimeout
 .text.UART_EndRxTransfer
                0x08007792       0xc8 ./Drivers/STM32F7xx_HAL_Driver/Src/stm32f7xx_hal_uart.o
 .text.UART_DMAAbortOnError
                0x0800785a       0x2c ./Drivers/STM32F7xx_HAL_Driver/Src/stm32f7xx_hal_uart.o
 .text.UART_EndTransmit_IT
                0x08007886       0x54 ./Drivers/STM32F7xx_HAL_Driver/Src/stm32f7xx_hal_uart.o
 .text.atoi     0x080078da        0x8 D:/Software/STM32CubeIDE_1.15.1/STM32CubeIDE/plugins/com.st.stm32cube.ide.mcu.externaltools.gnu-tools-for-stm32.12.3.rel1.win32_1.0.100.202403111256/tools/bin/../lib/gcc/arm-none-eabi/12.3.1/../../../../arm-none-eabi/lib/thumb/v7e-m+dp/hard\libc_nano.a(libc_a-atoi.o)
                0x080078da                atoi
 *fill*         0x080078e2        0x2 
 .text._strtol_l.constprop.0
                0x080078e4       0xf4 D:/Software/STM32CubeIDE_1.15.1/STM32CubeIDE/plugins/com.st.stm32cube.ide.mcu.externaltools.gnu-tools-for-stm32.12.3.rel1.win32_1.0.100.202403111256/tools/bin/../lib/gcc/arm-none-eabi/12.3.1/../../../../arm-none-eabi/lib/thumb/v7e-m+dp/hard\libc_nano.a(libc_a-strtol.o)
 .text.strtol   0x080079d8       0x14 D:/Software/STM32CubeIDE_1.15.1/STM32CubeIDE/plugins/com.st.stm32cube.ide.mcu.externaltools.gnu-tools-for-stm32.12.3.rel1.win32_1.0.100.202403111256/tools/bin/../lib/gcc/arm-none-eabi/12.3.1/../../../../arm-none-eabi/lib/thumb/v7e-m+dp/hard\libc_nano.a(libc_a-strtol.o)
                0x080079d8                strtol
 .text.std      0x080079ec       0x6c D:/Software/STM32CubeIDE_1.15.1/STM32CubeIDE/plugins/com.st.stm32cube.ide.mcu.externaltools.gnu-tools-for-stm32.12.3.rel1.win32_1.0.100.202403111256/tools/bin/../lib/gcc/arm-none-eabi/12.3.1/../../../../arm-none-eabi/lib/thumb/v7e-m+dp/hard\libc_nano.a(libc_a-findfp.o)
 .text.stdio_exit_handler
                0x08007a58       0x18 D:/Software/STM32CubeIDE_1.15.1/STM32CubeIDE/plugins/com.st.stm32cube.ide.mcu.externaltools.gnu-tools-for-stm32.12.3.rel1.win32_1.0.100.202403111256/tools/bin/../lib/gcc/arm-none-eabi/12.3.1/../../../../arm-none-eabi/lib/thumb/v7e-m+dp/hard\libc_nano.a(libc_a-findfp.o)
 .text.cleanup_stdio
                0x08007a70       0x40 D:/Software/STM32CubeIDE_1.15.1/STM32CubeIDE/plugins/com.st.stm32cube.ide.mcu.externaltools.gnu-tools-for-stm32.12.3.rel1.win32_1.0.100.202403111256/tools/bin/../lib/gcc/arm-none-eabi/12.3.1/../../../../arm-none-eabi/lib/thumb/v7e-m+dp/hard\libc_nano.a(libc_a-findfp.o)
 .text.global_stdio_init.part.0
                0x08007ab0       0x3c D:/Software/STM32CubeIDE_1.15.1/STM32CubeIDE/plugins/com.st.stm32cube.ide.mcu.externaltools.gnu-tools-for-stm32.12.3.rel1.win32_1.0.100.202403111256/tools/bin/../lib/gcc/arm-none-eabi/12.3.1/../../../../arm-none-eabi/lib/thumb/v7e-m+dp/hard\libc_nano.a(libc_a-findfp.o)
 .text.__sfp_lock_acquire
                0x08007aec        0xc D:/Software/STM32CubeIDE_1.15.1/STM32CubeIDE/plugins/com.st.stm32cube.ide.mcu.externaltools.gnu-tools-for-stm32.12.3.rel1.win32_1.0.100.202403111256/tools/bin/../lib/gcc/arm-none-eabi/12.3.1/../../../../arm-none-eabi/lib/thumb/v7e-m+dp/hard\libc_nano.a(libc_a-findfp.o)
                0x08007aec                __sfp_lock_acquire
 .text.__sfp_lock_release
                0x08007af8        0xc D:/Software/STM32CubeIDE_1.15.1/STM32CubeIDE/plugins/com.st.stm32cube.ide.mcu.externaltools.gnu-tools-for-stm32.12.3.rel1.win32_1.0.100.202403111256/tools/bin/../lib/gcc/arm-none-eabi/12.3.1/../../../../arm-none-eabi/lib/thumb/v7e-m+dp/hard\libc_nano.a(libc_a-findfp.o)
                0x08007af8                __sfp_lock_release
 .text.__sinit  0x08007b04       0x30 D:/Software/STM32CubeIDE_1.15.1/STM32CubeIDE/plugins/com.st.stm32cube.ide.mcu.externaltools.gnu-tools-for-stm32.12.3.rel1.win32_1.0.100.202403111256/tools/bin/../lib/gcc/arm-none-eabi/12.3.1/../../../../arm-none-eabi/lib/thumb/v7e-m+dp/hard\libc_nano.a(libc_a-findfp.o)
                0x08007b04                __sinit
 .text._fwalk_sglue
                0x08007b34       0x3c D:/Software/STM32CubeIDE_1.15.1/STM32CubeIDE/plugins/com.st.stm32cube.ide.mcu.externaltools.gnu-tools-for-stm32.12.3.rel1.win32_1.0.100.202403111256/tools/bin/../lib/gcc/arm-none-eabi/12.3.1/../../../../arm-none-eabi/lib/thumb/v7e-m+dp/hard\libc_nano.a(libc_a-fwalk.o)
                0x08007b34                _fwalk_sglue
 .text.__sread  0x08007b70       0x22 D:/Software/STM32CubeIDE_1.15.1/STM32CubeIDE/plugins/com.st.stm32cube.ide.mcu.externaltools.gnu-tools-for-stm32.12.3.rel1.win32_1.0.100.202403111256/tools/bin/../lib/gcc/arm-none-eabi/12.3.1/../../../../arm-none-eabi/lib/thumb/v7e-m+dp/hard\libc_nano.a(libc_a-stdio.o)
                0x08007b70                __sread
 .text.__swrite
                0x08007b92       0x38 D:/Software/STM32CubeIDE_1.15.1/STM32CubeIDE/plugins/com.st.stm32cube.ide.mcu.externaltools.gnu-tools-for-stm32.12.3.rel1.win32_1.0.100.202403111256/tools/bin/../lib/gcc/arm-none-eabi/12.3.1/../../../../arm-none-eabi/lib/thumb/v7e-m+dp/hard\libc_nano.a(libc_a-stdio.o)
                0x08007b92                __swrite
 .text.__sseek  0x08007bca       0x24 D:/Software/STM32CubeIDE_1.15.1/STM32CubeIDE/plugins/com.st.stm32cube.ide.mcu.externaltools.gnu-tools-for-stm32.12.3.rel1.win32_1.0.100.202403111256/tools/bin/../lib/gcc/arm-none-eabi/12.3.1/../../../../arm-none-eabi/lib/thumb/v7e-m+dp/hard\libc_nano.a(libc_a-stdio.o)
                0x08007bca                __sseek
 .text.__sclose
                0x08007bee        0x8 D:/Software/STM32CubeIDE_1.15.1/STM32CubeIDE/plugins/com.st.stm32cube.ide.mcu.externaltools.gnu-tools-for-stm32.12.3.rel1.win32_1.0.100.202403111256/tools/bin/../lib/gcc/arm-none-eabi/12.3.1/../../../../arm-none-eabi/lib/thumb/v7e-m+dp/hard\libc_nano.a(libc_a-stdio.o)
                0x08007bee                __sclose
 .text.memset   0x08007bf6       0x10 D:/Software/STM32CubeIDE_1.15.1/STM32CubeIDE/plugins/com.st.stm32cube.ide.mcu.externaltools.gnu-tools-for-stm32.12.3.rel1.win32_1.0.100.202403111256/tools/bin/../lib/gcc/arm-none-eabi/12.3.1/../../../../arm-none-eabi/lib/thumb/v7e-m+dp/hard\libc_nano.a(libc_a-memset.o)
                0x08007bf6                memset
 *fill*         0x08007c06        0x2 
 .text.strtok   0x08007c08       0x68 D:/Software/STM32CubeIDE_1.15.1/STM32CubeIDE/plugins/com.st.stm32cube.ide.mcu.externaltools.gnu-tools-for-stm32.12.3.rel1.win32_1.0.100.202403111256/tools/bin/../lib/gcc/arm-none-eabi/12.3.1/../../../../arm-none-eabi/lib/thumb/v7e-m+dp/hard\libc_nano.a(libc_a-strtok.o)
                0x08007c08                strtok
 .text.__strtok_r
                0x08007c70       0x50 D:/Software/STM32CubeIDE_1.15.1/STM32CubeIDE/plugins/com.st.stm32cube.ide.mcu.externaltools.gnu-tools-for-stm32.12.3.rel1.win32_1.0.100.202403111256/tools/bin/../lib/gcc/arm-none-eabi/12.3.1/../../../../arm-none-eabi/lib/thumb/v7e-m+dp/hard\libc_nano.a(libc_a-strtok_r.o)
                0x08007c70                __strtok_r
 .text._close_r
                0x08007cc0       0x20 D:/Software/STM32CubeIDE_1.15.1/STM32CubeIDE/plugins/com.st.stm32cube.ide.mcu.externaltools.gnu-tools-for-stm32.12.3.rel1.win32_1.0.100.202403111256/tools/bin/../lib/gcc/arm-none-eabi/12.3.1/../../../../arm-none-eabi/lib/thumb/v7e-m+dp/hard\libc_nano.a(libc_a-closer.o)
                0x08007cc0                _close_r
 .text._lseek_r
                0x08007ce0       0x24 D:/Software/STM32CubeIDE_1.15.1/STM32CubeIDE/plugins/com.st.stm32cube.ide.mcu.externaltools.gnu-tools-for-stm32.12.3.rel1.win32_1.0.100.202403111256/tools/bin/../lib/gcc/arm-none-eabi/12.3.1/../../../../arm-none-eabi/lib/thumb/v7e-m+dp/hard\libc_nano.a(libc_a-lseekr.o)
                0x08007ce0                _lseek_r
 .text._read_r  0x08007d04       0x24 D:/Software/STM32CubeIDE_1.15.1/STM32CubeIDE/plugins/com.st.stm32cube.ide.mcu.externaltools.gnu-tools-for-stm32.12.3.rel1.win32_1.0.100.202403111256/tools/bin/../lib/gcc/arm-none-eabi/12.3.1/../../../../arm-none-eabi/lib/thumb/v7e-m+dp/hard\libc_nano.a(libc_a-readr.o)
                0x08007d04                _read_r
 .text._write_r
                0x08007d28       0x24 D:/Software/STM32CubeIDE_1.15.1/STM32CubeIDE/plugins/com.st.stm32cube.ide.mcu.externaltools.gnu-tools-for-stm32.12.3.rel1.win32_1.0.100.202403111256/tools/bin/../lib/gcc/arm-none-eabi/12.3.1/../../../../arm-none-eabi/lib/thumb/v7e-m+dp/hard\libc_nano.a(libc_a-writer.o)
                0x08007d28                _write_r
 .text.__errno  0x08007d4c        0xc D:/Software/STM32CubeIDE_1.15.1/STM32CubeIDE/plugins/com.st.stm32cube.ide.mcu.externaltools.gnu-tools-for-stm32.12.3.rel1.win32_1.0.100.202403111256/tools/bin/../lib/gcc/arm-none-eabi/12.3.1/../../../../arm-none-eabi/lib/thumb/v7e-m+dp/hard\libc_nano.a(libc_a-errno.o)
                0x08007d4c                __errno
 .text.__libc_init_array
                0x08007d58       0x48 D:/Software/STM32CubeIDE_1.15.1/STM32CubeIDE/plugins/com.st.stm32cube.ide.mcu.externaltools.gnu-tools-for-stm32.12.3.rel1.win32_1.0.100.202403111256/tools/bin/../lib/gcc/arm-none-eabi/12.3.1/../../../../arm-none-eabi/lib/thumb/v7e-m+dp/hard\libc_nano.a(libc_a-init.o)
                0x08007d58                __libc_init_array
 .text.__retarget_lock_init_recursive
                0x08007da0        0x2 D:/Software/STM32CubeIDE_1.15.1/STM32CubeIDE/plugins/com.st.stm32cube.ide.mcu.externaltools.gnu-tools-for-stm32.12.3.rel1.win32_1.0.100.202403111256/tools/bin/../lib/gcc/arm-none-eabi/12.3.1/../../../../arm-none-eabi/lib/thumb/v7e-m+dp/hard\libc_nano.a(libc_a-lock.o)
                0x08007da0                __retarget_lock_init_recursive
 .text.__retarget_lock_acquire_recursive
                0x08007da2        0x2 D:/Software/STM32CubeIDE_1.15.1/STM32CubeIDE/plugins/com.st.stm32cube.ide.mcu.externaltools.gnu-tools-for-stm32.12.3.rel1.win32_1.0.100.202403111256/tools/bin/../lib/gcc/arm-none-eabi/12.3.1/../../../../arm-none-eabi/lib/thumb/v7e-m+dp/hard\libc_nano.a(libc_a-lock.o)
                0x08007da2                __retarget_lock_acquire_recursive
 .text.__retarget_lock_release_recursive
                0x08007da4        0x2 D:/Software/STM32CubeIDE_1.15.1/STM32CubeIDE/plugins/com.st.stm32cube.ide.mcu.externaltools.gnu-tools-for-stm32.12.3.rel1.win32_1.0.100.202403111256/tools/bin/../lib/gcc/arm-none-eabi/12.3.1/../../../../arm-none-eabi/lib/thumb/v7e-m+dp/hard\libc_nano.a(libc_a-lock.o)
                0x08007da4                __retarget_lock_release_recursive
 .text.strcpy   0x08007da6       0x10 D:/Software/STM32CubeIDE_1.15.1/STM32CubeIDE/plugins/com.st.stm32cube.ide.mcu.externaltools.gnu-tools-for-stm32.12.3.rel1.win32_1.0.100.202403111256/tools/bin/../lib/gcc/arm-none-eabi/12.3.1/../../../../arm-none-eabi/lib/thumb/v7e-m+dp/hard\libc_nano.a(libc_a-strcpy.o)
                0x08007da6                strcpy
 *fill*         0x08007db6        0x2 
 .text.__assert_func
                0x08007db8       0x3c D:/Software/STM32CubeIDE_1.15.1/STM32CubeIDE/plugins/com.st.stm32cube.ide.mcu.externaltools.gnu-tools-for-stm32.12.3.rel1.win32_1.0.100.202403111256/tools/bin/../lib/gcc/arm-none-eabi/12.3.1/../../../../arm-none-eabi/lib/thumb/v7e-m+dp/hard\libc_nano.a(libc_a-assert.o)
                0x08007db8                __assert_func
 .text._free_r  0x08007df4       0x94 D:/Software/STM32CubeIDE_1.15.1/STM32CubeIDE/plugins/com.st.stm32cube.ide.mcu.externaltools.gnu-tools-for-stm32.12.3.rel1.win32_1.0.100.202403111256/tools/bin/../lib/gcc/arm-none-eabi/12.3.1/../../../../arm-none-eabi/lib/thumb/v7e-m+dp/hard\libc_nano.a(libc_a-freer.o)
                0x08007df4                _free_r
 .text.malloc   0x08007e88       0x10 D:/Software/STM32CubeIDE_1.15.1/STM32CubeIDE/plugins/com.st.stm32cube.ide.mcu.externaltools.gnu-tools-for-stm32.12.3.rel1.win32_1.0.100.202403111256/tools/bin/../lib/gcc/arm-none-eabi/12.3.1/../../../../arm-none-eabi/lib/thumb/v7e-m+dp/hard\libc_nano.a(libc_a-malloc.o)
                0x08007e88                malloc
 .text.sbrk_aligned
                0x08007e98       0x44 D:/Software/STM32CubeIDE_1.15.1/STM32CubeIDE/plugins/com.st.stm32cube.ide.mcu.externaltools.gnu-tools-for-stm32.12.3.rel1.win32_1.0.100.202403111256/tools/bin/../lib/gcc/arm-none-eabi/12.3.1/../../../../arm-none-eabi/lib/thumb/v7e-m+dp/hard\libc_nano.a(libc_a-mallocr.o)
 .text._malloc_r
                0x08007edc      0x100 D:/Software/STM32CubeIDE_1.15.1/STM32CubeIDE/plugins/com.st.stm32cube.ide.mcu.externaltools.gnu-tools-for-stm32.12.3.rel1.win32_1.0.100.202403111256/tools/bin/../lib/gcc/arm-none-eabi/12.3.1/../../../../arm-none-eabi/lib/thumb/v7e-m+dp/hard\libc_nano.a(libc_a-mallocr.o)
                0x08007edc                _malloc_r
 .text.__malloc_lock
                0x08007fdc        0xc D:/Software/STM32CubeIDE_1.15.1/STM32CubeIDE/plugins/com.st.stm32cube.ide.mcu.externaltools.gnu-tools-for-stm32.12.3.rel1.win32_1.0.100.202403111256/tools/bin/../lib/gcc/arm-none-eabi/12.3.1/../../../../arm-none-eabi/lib/thumb/v7e-m+dp/hard\libc_nano.a(libc_a-mlock.o)
                0x08007fdc                __malloc_lock
 .text.__malloc_unlock
                0x08007fe8        0xc D:/Software/STM32CubeIDE_1.15.1/STM32CubeIDE/plugins/com.st.stm32cube.ide.mcu.externaltools.gnu-tools-for-stm32.12.3.rel1.win32_1.0.100.202403111256/tools/bin/../lib/gcc/arm-none-eabi/12.3.1/../../../../arm-none-eabi/lib/thumb/v7e-m+dp/hard\libc_nano.a(libc_a-mlock.o)
                0x08007fe8                __malloc_unlock
 .text.__sflush_r
                0x08007ff4      0x108 D:/Software/STM32CubeIDE_1.15.1/STM32CubeIDE/plugins/com.st.stm32cube.ide.mcu.externaltools.gnu-tools-for-stm32.12.3.rel1.win32_1.0.100.202403111256/tools/bin/../lib/gcc/arm-none-eabi/12.3.1/../../../../arm-none-eabi/lib/thumb/v7e-m+dp/hard\libc_nano.a(libc_a-fflush.o)
                0x08007ff4                __sflush_r
 .text._fflush_r
                0x080080fc       0x50 D:/Software/STM32CubeIDE_1.15.1/STM32CubeIDE/plugins/com.st.stm32cube.ide.mcu.externaltools.gnu-tools-for-stm32.12.3.rel1.win32_1.0.100.202403111256/tools/bin/../lib/gcc/arm-none-eabi/12.3.1/../../../../arm-none-eabi/lib/thumb/v7e-m+dp/hard\libc_nano.a(libc_a-fflush.o)
                0x080080fc                _fflush_r
 .text.fprintf  0x0800814c       0x24 D:/Software/STM32CubeIDE_1.15.1/STM32CubeIDE/plugins/com.st.stm32cube.ide.mcu.externaltools.gnu-tools-for-stm32.12.3.rel1.win32_1.0.100.202403111256/tools/bin/../lib/gcc/arm-none-eabi/12.3.1/../../../../arm-none-eabi/lib/thumb/v7e-m+dp/hard\libc_nano.a(libc_a-fprintf.o)
                0x0800814c                fiprintf
                0x0800814c                fprintf
 .text._sbrk_r  0x08008170       0x20 D:/Software/STM32CubeIDE_1.15.1/STM32CubeIDE/plugins/com.st.stm32cube.ide.mcu.externaltools.gnu-tools-for-stm32.12.3.rel1.win32_1.0.100.202403111256/tools/bin/../lib/gcc/arm-none-eabi/12.3.1/../../../../arm-none-eabi/lib/thumb/v7e-m+dp/hard\libc_nano.a(libc_a-sbrkr.o)
                0x08008170                _sbrk_r
 .text.abort    0x08008190        0xe D:/Software/STM32CubeIDE_1.15.1/STM32CubeIDE/plugins/com.st.stm32cube.ide.mcu.externaltools.gnu-tools-for-stm32.12.3.rel1.win32_1.0.100.202403111256/tools/bin/../lib/gcc/arm-none-eabi/12.3.1/../../../../arm-none-eabi/lib/thumb/v7e-m+dp/hard\libc_nano.a(libc_a-abort.o)
                0x08008190                abort
 .text.__sfputc_r
                0x0800819e       0x2e D:/Software/STM32CubeIDE_1.15.1/STM32CubeIDE/plugins/com.st.stm32cube.ide.mcu.externaltools.gnu-tools-for-stm32.12.3.rel1.win32_1.0.100.202403111256/tools/bin/../lib/gcc/arm-none-eabi/12.3.1/../../../../arm-none-eabi/lib/thumb/v7e-m+dp/hard\libc_nano.a(libc_a-nano-vfprintf.o)
 .text.__sfputs_r
                0x080081cc       0x24 D:/Software/STM32CubeIDE_1.15.1/STM32CubeIDE/plugins/com.st.stm32cube.ide.mcu.externaltools.gnu-tools-for-stm32.12.3.rel1.win32_1.0.100.202403111256/tools/bin/../lib/gcc/arm-none-eabi/12.3.1/../../../../arm-none-eabi/lib/thumb/v7e-m+dp/hard\libc_nano.a(libc_a-nano-vfprintf.o)
                0x080081cc                __sfputs_r
 .text._vfprintf_r
                0x080081f0      0x230 D:/Software/STM32CubeIDE_1.15.1/STM32CubeIDE/plugins/com.st.stm32cube.ide.mcu.externaltools.gnu-tools-for-stm32.12.3.rel1.win32_1.0.100.202403111256/tools/bin/../lib/gcc/arm-none-eabi/12.3.1/../../../../arm-none-eabi/lib/thumb/v7e-m+dp/hard\libc_nano.a(libc_a-nano-vfprintf.o)
                0x080081f0                _vfprintf_r
                0x080081f0                _vfiprintf_r
 .text._printf_common
                0x08008420       0xda D:/Software/STM32CubeIDE_1.15.1/STM32CubeIDE/plugins/com.st.stm32cube.ide.mcu.externaltools.gnu-tools-for-stm32.12.3.rel1.win32_1.0.100.202403111256/tools/bin/../lib/gcc/arm-none-eabi/12.3.1/../../../../arm-none-eabi/lib/thumb/v7e-m+dp/hard\libc_nano.a(libc_a-nano-vfprintf_i.o)
                0x08008420                _printf_common
 *fill*         0x080084fa        0x2 
 .text._printf_i
                0x080084fc      0x240 D:/Software/STM32CubeIDE_1.15.1/STM32CubeIDE/plugins/com.st.stm32cube.ide.mcu.externaltools.gnu-tools-for-stm32.12.3.rel1.win32_1.0.100.202403111256/tools/bin/../lib/gcc/arm-none-eabi/12.3.1/../../../../arm-none-eabi/lib/thumb/v7e-m+dp/hard\libc_nano.a(libc_a-nano-vfprintf_i.o)
                0x080084fc                _printf_i
 .text.__swbuf_r
                0x0800873c       0x7c D:/Software/STM32CubeIDE_1.15.1/STM32CubeIDE/plugins/com.st.stm32cube.ide.mcu.externaltools.gnu-tools-for-stm32.12.3.rel1.win32_1.0.100.202403111256/tools/bin/../lib/gcc/arm-none-eabi/12.3.1/../../../../arm-none-eabi/lib/thumb/v7e-m+dp/hard\libc_nano.a(libc_a-wbuf.o)
                0x0800873c                __swbuf_r
 .text.__swsetup_r
                0x080087b8       0xac D:/Software/STM32CubeIDE_1.15.1/STM32CubeIDE/plugins/com.st.stm32cube.ide.mcu.externaltools.gnu-tools-for-stm32.12.3.rel1.win32_1.0.100.202403111256/tools/bin/../lib/gcc/arm-none-eabi/12.3.1/../../../../arm-none-eabi/lib/thumb/v7e-m+dp/hard\libc_nano.a(libc_a-wsetup.o)
                0x080087b8                __swsetup_r
 .text._raise_r
                0x08008864       0x50 D:/Software/STM32CubeIDE_1.15.1/STM32CubeIDE/plugins/com.st.stm32cube.ide.mcu.externaltools.gnu-tools-for-stm32.12.3.rel1.win32_1.0.100.202403111256/tools/bin/../lib/gcc/arm-none-eabi/12.3.1/../../../../arm-none-eabi/lib/thumb/v7e-m+dp/hard\libc_nano.a(libc_a-signal.o)
                0x08008864                _raise_r
 .text.raise    0x080088b4       0x10 D:/Software/STM32CubeIDE_1.15.1/STM32CubeIDE/plugins/com.st.stm32cube.ide.mcu.externaltools.gnu-tools-for-stm32.12.3.rel1.win32_1.0.100.202403111256/tools/bin/../lib/gcc/arm-none-eabi/12.3.1/../../../../arm-none-eabi/lib/thumb/v7e-m+dp/hard\libc_nano.a(libc_a-signal.o)
                0x080088b4                raise
 .text._kill_r  0x080088c4       0x24 D:/Software/STM32CubeIDE_1.15.1/STM32CubeIDE/plugins/com.st.stm32cube.ide.mcu.externaltools.gnu-tools-for-stm32.12.3.rel1.win32_1.0.100.202403111256/tools/bin/../lib/gcc/arm-none-eabi/12.3.1/../../../../arm-none-eabi/lib/thumb/v7e-m+dp/hard\libc_nano.a(libc_a-signalr.o)
                0x080088c4                _kill_r
 .text._getpid_r
                0x080088e8        0x4 D:/Software/STM32CubeIDE_1.15.1/STM32CubeIDE/plugins/com.st.stm32cube.ide.mcu.externaltools.gnu-tools-for-stm32.12.3.rel1.win32_1.0.100.202403111256/tools/bin/../lib/gcc/arm-none-eabi/12.3.1/../../../../arm-none-eabi/lib/thumb/v7e-m+dp/hard\libc_nano.a(libc_a-signalr.o)
                0x080088e8                _getpid_r
 .text.__swhatbuf_r
                0x080088ec       0x4c D:/Software/STM32CubeIDE_1.15.1/STM32CubeIDE/plugins/com.st.stm32cube.ide.mcu.externaltools.gnu-tools-for-stm32.12.3.rel1.win32_1.0.100.202403111256/tools/bin/../lib/gcc/arm-none-eabi/12.3.1/../../../../arm-none-eabi/lib/thumb/v7e-m+dp/hard\libc_nano.a(libc_a-makebuf.o)
                0x080088ec                __swhatbuf_r
 .text.__smakebuf_r
                0x08008938       0x78 D:/Software/STM32CubeIDE_1.15.1/STM32CubeIDE/plugins/com.st.stm32cube.ide.mcu.externaltools.gnu-tools-for-stm32.12.3.rel1.win32_1.0.100.202403111256/tools/bin/../lib/gcc/arm-none-eabi/12.3.1/../../../../arm-none-eabi/lib/thumb/v7e-m+dp/hard\libc_nano.a(libc_a-makebuf.o)
                0x08008938                __smakebuf_r
 .text._fstat_r
                0x080089b0       0x24 D:/Software/STM32CubeIDE_1.15.1/STM32CubeIDE/plugins/com.st.stm32cube.ide.mcu.externaltools.gnu-tools-for-stm32.12.3.rel1.win32_1.0.100.202403111256/tools/bin/../lib/gcc/arm-none-eabi/12.3.1/../../../../arm-none-eabi/lib/thumb/v7e-m+dp/hard\libc_nano.a(libc_a-fstatr.o)
                0x080089b0                _fstat_r
 .text._isatty_r
                0x080089d4       0x20 D:/Software/STM32CubeIDE_1.15.1/STM32CubeIDE/plugins/com.st.stm32cube.ide.mcu.externaltools.gnu-tools-for-stm32.12.3.rel1.win32_1.0.100.202403111256/tools/bin/../lib/gcc/arm-none-eabi/12.3.1/../../../../arm-none-eabi/lib/thumb/v7e-m+dp/hard\libc_nano.a(libc_a-isattyr.o)
                0x080089d4                _isatty_r
 *(.glue_7)
 .glue_7        0x080089f4        0x0 linker stubs
 *(.glue_7t)
 .glue_7t       0x080089f4        0x0 linker stubs
 *(.eh_frame)
 .eh_frame      0x080089f4        0x0 D:/Software/STM32CubeIDE_1.15.1/STM32CubeIDE/plugins/com.st.stm32cube.ide.mcu.externaltools.gnu-tools-for-stm32.12.3.rel1.win32_1.0.100.202403111256/tools/bin/../lib/gcc/arm-none-eabi/12.3.1/thumb/v7e-m+dp/hard/crtbegin.o
 *(.init)
 .init          0x080089f4        0x4 D:/Software/STM32CubeIDE_1.15.1/STM32CubeIDE/plugins/com.st.stm32cube.ide.mcu.externaltools.gnu-tools-for-stm32.12.3.rel1.win32_1.0.100.202403111256/tools/bin/../lib/gcc/arm-none-eabi/12.3.1/thumb/v7e-m+dp/hard/crti.o
                0x080089f4                _init
 .init          0x080089f8        0x8 D:/Software/STM32CubeIDE_1.15.1/STM32CubeIDE/plugins/com.st.stm32cube.ide.mcu.externaltools.gnu-tools-for-stm32.12.3.rel1.win32_1.0.100.202403111256/tools/bin/../lib/gcc/arm-none-eabi/12.3.1/thumb/v7e-m+dp/hard/crtn.o
 *(.fini)
 .fini          0x08008a00        0x4 D:/Software/STM32CubeIDE_1.15.1/STM32CubeIDE/plugins/com.st.stm32cube.ide.mcu.externaltools.gnu-tools-for-stm32.12.3.rel1.win32_1.0.100.202403111256/tools/bin/../lib/gcc/arm-none-eabi/12.3.1/thumb/v7e-m+dp/hard/crti.o
                0x08008a00                _fini
 .fini          0x08008a04        0x8 D:/Software/STM32CubeIDE_1.15.1/STM32CubeIDE/plugins/com.st.stm32cube.ide.mcu.externaltools.gnu-tools-for-stm32.12.3.rel1.win32_1.0.100.202403111256/tools/bin/../lib/gcc/arm-none-eabi/12.3.1/thumb/v7e-m+dp/hard/crtn.o
                0x08008a0c                        . = ALIGN (0x4)
                0x08008a0c                        _etext = .

.vfp11_veneer   0x08008a0c        0x0
 .vfp11_veneer  0x08008a0c        0x0 linker stubs

.v4_bx          0x08008a0c        0x0
 .v4_bx         0x08008a0c        0x0 linker stubs

.iplt           0x08008a0c        0x0
 .iplt          0x08008a0c        0x0 D:/Software/STM32CubeIDE_1.15.1/STM32CubeIDE/plugins/com.st.stm32cube.ide.mcu.externaltools.gnu-tools-for-stm32.12.3.rel1.win32_1.0.100.202403111256/tools/bin/../lib/gcc/arm-none-eabi/12.3.1/thumb/v7e-m+dp/hard/crtbegin.o

.rodata         0x08008a0c      0x244
                0x08008a0c                        . = ALIGN (0x4)
 *(.rodata)
 .rodata        0x08008a0c        0x2 ./Core/Src/usart.o
 *(.rodata*)
 *fill*         0x08008a0e        0x2 
 .rodata.startconfirm
                0x08008a10        0x9 ./Core/Src/main.o
                0x08008a10                startconfirm
 *fill*         0x08008a19        0x3 
 .rodata.EVO    0x08008a1c       0x30 ./Core/Src/myspi.o
                0x08008a1c                EVO
 .rodata.AHBPrescTable
                0x08008a4c       0x10 ./Core/Src/system_stm32f7xx.o
                0x08008a4c                AHBPrescTable
 .rodata.APBPrescTable
                0x08008a5c        0x8 ./Core/Src/system_stm32f7xx.o
                0x08008a5c                APBPrescTable
 .rodata.flagBitshiftOffset.0
                0x08008a64        0x8 ./Drivers/STM32F7xx_HAL_Driver/Src/stm32f7xx_hal_dma.o
 .rodata._ctype_
                0x08008a6c      0x101 D:/Software/STM32CubeIDE_1.15.1/STM32CubeIDE/plugins/com.st.stm32cube.ide.mcu.externaltools.gnu-tools-for-stm32.12.3.rel1.win32_1.0.100.202403111256/tools/bin/../lib/gcc/arm-none-eabi/12.3.1/../../../../arm-none-eabi/lib/thumb/v7e-m+dp/hard\libc_nano.a(libc_a-ctype_.o)
                0x08008a6c                _ctype_
 .rodata.strtok.str1.1
                0x08008b6d       0x71 D:/Software/STM32CubeIDE_1.15.1/STM32CubeIDE/plugins/com.st.stm32cube.ide.mcu.externaltools.gnu-tools-for-stm32.12.3.rel1.win32_1.0.100.202403111256/tools/bin/../lib/gcc/arm-none-eabi/12.3.1/../../../../arm-none-eabi/lib/thumb/v7e-m+dp/hard\libc_nano.a(libc_a-strtok.o)
 .rodata.__assert_func.str1.1
                0x08008bde       0x3c D:/Software/STM32CubeIDE_1.15.1/STM32CubeIDE/plugins/com.st.stm32cube.ide.mcu.externaltools.gnu-tools-for-stm32.12.3.rel1.win32_1.0.100.202403111256/tools/bin/../lib/gcc/arm-none-eabi/12.3.1/../../../../arm-none-eabi/lib/thumb/v7e-m+dp/hard\libc_nano.a(libc_a-assert.o)
                                 0x3d (size before relaxing)
 .rodata._vfprintf_r.str1.1
                0x08008c1a       0x11 D:/Software/STM32CubeIDE_1.15.1/STM32CubeIDE/plugins/com.st.stm32cube.ide.mcu.externaltools.gnu-tools-for-stm32.12.3.rel1.win32_1.0.100.202403111256/tools/bin/../lib/gcc/arm-none-eabi/12.3.1/../../../../arm-none-eabi/lib/thumb/v7e-m+dp/hard\libc_nano.a(libc_a-nano-vfprintf.o)
 .rodata._printf_i.str1.1
                0x08008c2b       0x22 D:/Software/STM32CubeIDE_1.15.1/STM32CubeIDE/plugins/com.st.stm32cube.ide.mcu.externaltools.gnu-tools-for-stm32.12.3.rel1.win32_1.0.100.202403111256/tools/bin/../lib/gcc/arm-none-eabi/12.3.1/../../../../arm-none-eabi/lib/thumb/v7e-m+dp/hard\libc_nano.a(libc_a-nano-vfprintf_i.o)
                0x08008c50                        . = ALIGN (0x4)
 *fill*         0x08008c4d        0x3 

.ARM.extab      0x08008c50        0x0
                0x08008c50                        . = ALIGN (0x4)
 *(.ARM.extab* .gnu.linkonce.armextab.*)
                0x08008c50                        . = ALIGN (0x4)

.ARM            0x08008c50        0x8
                0x08008c50                        . = ALIGN (0x4)
                0x08008c50                        __exidx_start = .
 *(.ARM.exidx*)
 .ARM.exidx     0x08008c50        0x8 D:/Software/STM32CubeIDE_1.15.1/STM32CubeIDE/plugins/com.st.stm32cube.ide.mcu.externaltools.gnu-tools-for-stm32.12.3.rel1.win32_1.0.100.202403111256/tools/bin/../lib/gcc/arm-none-eabi/12.3.1/../../../../arm-none-eabi/lib/thumb/v7e-m+dp/hard\libc_nano.a(libc_a-strcmp.o)
 .ARM.exidx     0x08008c58        0x0 D:/Software/STM32CubeIDE_1.15.1/STM32CubeIDE/plugins/com.st.stm32cube.ide.mcu.externaltools.gnu-tools-for-stm32.12.3.rel1.win32_1.0.100.202403111256/tools/bin/../lib/gcc/arm-none-eabi/12.3.1/../../../../arm-none-eabi/lib/thumb/v7e-m+dp/hard\libc_nano.a(libc_a-memchr.o)
                                  0x8 (size before relaxing)
 .ARM.exidx     0x08008c58        0x0 D:/Software/STM32CubeIDE_1.15.1/STM32CubeIDE/plugins/com.st.stm32cube.ide.mcu.externaltools.gnu-tools-for-stm32.12.3.rel1.win32_1.0.100.202403111256/tools/bin/../lib/gcc/arm-none-eabi/12.3.1/thumb/v7e-m+dp/hard\libgcc.a(_udivmoddi4.o)
                                  0x8 (size before relaxing)
                0x08008c58                        __exidx_end = .
                0x08008c58                        . = ALIGN (0x4)

.preinit_array  0x08008c58        0x0
                0x08008c58                        . = ALIGN (0x4)
                0x08008c58                        PROVIDE (__preinit_array_start = .)
 *(.preinit_array*)
                0x08008c58                        PROVIDE (__preinit_array_end = .)
                0x08008c58                        . = ALIGN (0x4)

.init_array     0x08008c58        0x4
                0x08008c58                        . = ALIGN (0x4)
                0x08008c58                        PROVIDE (__init_array_start = .)
 *(SORT_BY_NAME(.init_array.*))
 *(.init_array*)
 .init_array    0x08008c58        0x4 D:/Software/STM32CubeIDE_1.15.1/STM32CubeIDE/plugins/com.st.stm32cube.ide.mcu.externaltools.gnu-tools-for-stm32.12.3.rel1.win32_1.0.100.202403111256/tools/bin/../lib/gcc/arm-none-eabi/12.3.1/thumb/v7e-m+dp/hard/crtbegin.o
                0x08008c5c                        PROVIDE (__init_array_end = .)
                0x08008c5c                        . = ALIGN (0x4)

.fini_array     0x08008c5c        0x4
                0x08008c5c                        . = ALIGN (0x4)
                [!provide]                        PROVIDE (__fini_array_start = .)
 *(SORT_BY_NAME(.fini_array.*))
 *(.fini_array*)
 .fini_array    0x08008c5c        0x4 D:/Software/STM32CubeIDE_1.15.1/STM32CubeIDE/plugins/com.st.stm32cube.ide.mcu.externaltools.gnu-tools-for-stm32.12.3.rel1.win32_1.0.100.202403111256/tools/bin/../lib/gcc/arm-none-eabi/12.3.1/thumb/v7e-m+dp/hard/crtbegin.o
                [!provide]                        PROVIDE (__fini_array_end = .)
                0x08008c60                        . = ALIGN (0x4)
                0x08008c60                        _sidata = LOADADDR (.data)

.rel.dyn        0x08008c60        0x0
 .rel.iplt      0x08008c60        0x0 D:/Software/STM32CubeIDE_1.15.1/STM32CubeIDE/plugins/com.st.stm32cube.ide.mcu.externaltools.gnu-tools-for-stm32.12.3.rel1.win32_1.0.100.202403111256/tools/bin/../lib/gcc/arm-none-eabi/12.3.1/thumb/v7e-m+dp/hard/crtbegin.o

.data           0x20000000       0xd8 load address 0x08008c60
                0x20000000                        . = ALIGN (0x4)
                0x20000000                        _sdata = .
 *(.data)
 *(.data*)
 .data.Site_group
                0x20000000       0x48 ./Core/Src/elec.o
                0x20000000                Site_group
 .data.ParReceive_enable
                0x20000048        0x1 ./Core/Src/main.o
                0x20000048                ParReceive_enable
 .data.LED_first_flag
                0x20000049        0x1 ./Core/Src/main.o
                0x20000049                LED_first_flag
 .data.Opto_PhaseFlag
                0x2000004a        0x1 ./Core/Src/opto.o
                0x2000004a                Opto_PhaseFlag
 *fill*         0x2000004b        0x1 
 .data.SystemCoreClock
                0x2000004c        0x4 ./Core/Src/system_stm32f7xx.o
                0x2000004c                SystemCoreClock
 .data.startcmd
                0x20000050        0x6 ./Core/Src/usart.o
                0x20000050                startcmd
 *fill*         0x20000056        0x2 
 .data.stopcmd  0x20000058        0x5 ./Core/Src/usart.o
                0x20000058                stopcmd
 *fill*         0x2000005d        0x3 
 .data.optocmd  0x20000060        0x5 ./Core/Src/usart.o
                0x20000060                optocmd
 *fill*         0x20000065        0x3 
 .data.eleccmd  0x20000068        0x5 ./Core/Src/usart.o
                0x20000068                eleccmd
 *fill*         0x2000006d        0x3 
 .data.mix      0x20000070        0x4 ./Core/Src/usart.o
                0x20000070                mix
 .data.uwTickPrio
                0x20000074        0x4 ./Drivers/STM32F7xx_HAL_Driver/Src/stm32f7xx_hal.o
                0x20000074                uwTickPrio
 .data.uwTickFreq
                0x20000078        0x1 ./Drivers/STM32F7xx_HAL_Driver/Src/stm32f7xx_hal.o
                0x20000078                uwTickFreq
 *fill*         0x20000079        0x3 
 .data.__sglue  0x2000007c        0xc D:/Software/STM32CubeIDE_1.15.1/STM32CubeIDE/plugins/com.st.stm32cube.ide.mcu.externaltools.gnu-tools-for-stm32.12.3.rel1.win32_1.0.100.202403111256/tools/bin/../lib/gcc/arm-none-eabi/12.3.1/../../../../arm-none-eabi/lib/thumb/v7e-m+dp/hard\libc_nano.a(libc_a-findfp.o)
                0x2000007c                __sglue
 .data._impure_ptr
                0x20000088        0x4 D:/Software/STM32CubeIDE_1.15.1/STM32CubeIDE/plugins/com.st.stm32cube.ide.mcu.externaltools.gnu-tools-for-stm32.12.3.rel1.win32_1.0.100.202403111256/tools/bin/../lib/gcc/arm-none-eabi/12.3.1/../../../../arm-none-eabi/lib/thumb/v7e-m+dp/hard\libc_nano.a(libc_a-impure.o)
                0x20000088                _impure_ptr
 .data._impure_data
                0x2000008c       0x4c D:/Software/STM32CubeIDE_1.15.1/STM32CubeIDE/plugins/com.st.stm32cube.ide.mcu.externaltools.gnu-tools-for-stm32.12.3.rel1.win32_1.0.100.202403111256/tools/bin/../lib/gcc/arm-none-eabi/12.3.1/../../../../arm-none-eabi/lib/thumb/v7e-m+dp/hard\libc_nano.a(libc_a-impure.o)
                0x2000008c                _impure_data
 *(.RamFunc)
 *(.RamFunc*)
                0x200000d8                        . = ALIGN (0x4)
                0x200000d8                        _edata = .

.igot.plt       0x200000d8        0x0 load address 0x08008d38
 .igot.plt      0x200000d8        0x0 D:/Software/STM32CubeIDE_1.15.1/STM32CubeIDE/plugins/com.st.stm32cube.ide.mcu.externaltools.gnu-tools-for-stm32.12.3.rel1.win32_1.0.100.202403111256/tools/bin/../lib/gcc/arm-none-eabi/12.3.1/thumb/v7e-m+dp/hard/crtbegin.o
                0x200000d8                        . = ALIGN (0x4)

.bss            0x200000d8      0xbe0 load address 0x08008d38
                0x200000d8                        _sbss = .
                0x200000d8                        __bss_start__ = _sbss
 *(.bss)
 .bss           0x200000d8       0x1c D:/Software/STM32CubeIDE_1.15.1/STM32CubeIDE/plugins/com.st.stm32cube.ide.mcu.externaltools.gnu-tools-for-stm32.12.3.rel1.win32_1.0.100.202403111256/tools/bin/../lib/gcc/arm-none-eabi/12.3.1/thumb/v7e-m+dp/hard/crtbegin.o
 *(.bss*)
 .bss.hadc1     0x200000f4       0x48 ./Core/Src/adc.o
                0x200000f4                hadc1
 .bss.hdma_adc1
                0x2000013c       0x60 ./Core/Src/adc.o
                0x2000013c                hdma_adc1
 .bss.g_ADC_TransferArray
                0x2000019c       0x80 ./Core/Src/adc.o
                0x2000019c                g_ADC_TransferArray
 .bss.g_ADC_TransferIndex
                0x2000021c        0x2 ./Core/Src/adc.o
                0x2000021c                g_ADC_TransferIndex
 .bss.ADC_sample_complete
                0x2000021e        0x1 ./Core/Src/adc.o
                0x2000021e                ADC_sample_complete
 *fill*         0x2000021f        0x1 
 .bss.g_ADCValue
                0x20000220        0x2 ./Core/Src/adc.o
                0x20000220                g_ADCValue
 *fill*         0x20000222        0x2 
 .bss.adc_buf   0x20000224       0x80 ./Core/Src/adc.o
                0x20000224                adc_buf
 .bss.hdac      0x200002a4       0x14 ./Core/Src/dac.o
                0x200002a4                hdac
 .bss.program_stage
                0x200002b8        0x1 ./Core/Src/main.o
                0x200002b8                program_stage
 .bss.startprogram
                0x200002b9        0x1 ./Core/Src/main.o
                0x200002b9                startprogram
 *fill*         0x200002ba        0x2 
 .bss.E_DATARx  0x200002bc       0x40 ./Core/Src/main.o
                0x200002bc                E_DATARx
 .bss.E_PTime1_s
                0x200002fc       0x40 ./Core/Src/main.o
                0x200002fc                E_PTime1_s
 .bss.E_PTime2_s
                0x2000033c       0x40 ./Core/Src/main.o
                0x2000033c                E_PTime2_s
 .bss.E_Cur1_s  0x2000037c       0x40 ./Core/Src/main.o
                0x2000037c                E_Cur1_s
 .bss.E_Cur2_s  0x200003bc       0x40 ./Core/Src/main.o
                0x200003bc                E_Cur2_s
 .bss.E_PulsePeriod_s
                0x200003fc       0x40 ./Core/Src/main.o
                0x200003fc                E_PulsePeriod_s
 .bss.E_Repeat_s
                0x2000043c       0x40 ./Core/Src/main.o
                0x2000043c                E_Repeat_s
 .bss.E_Delay_s
                0x2000047c       0x40 ./Core/Src/main.o
                0x2000047c                E_Delay_s
 .bss.O_DATARx  0x200004bc       0x40 ./Core/Src/main.o
                0x200004bc                O_DATARx
 .bss.O_PTime1_s
                0x200004fc       0x40 ./Core/Src/main.o
                0x200004fc                O_PTime1_s
 .bss.O_PTime2_s
                0x2000053c       0x40 ./Core/Src/main.o
                0x2000053c                O_PTime2_s
 .bss.O_Cur1_s  0x2000057c       0x40 ./Core/Src/main.o
                0x2000057c                O_Cur1_s
 .bss.O_Cur2_s  0x200005bc       0x40 ./Core/Src/main.o
                0x200005bc                O_Cur2_s
 .bss.O_PulsePeriod_s
                0x200005fc       0x40 ./Core/Src/main.o
                0x200005fc                O_PulsePeriod_s
 .bss.O_Repeat_s
                0x2000063c       0x40 ./Core/Src/main.o
                0x2000063c                O_Repeat_s
 .bss.O_Delay_s
                0x2000067c       0x40 ./Core/Src/main.o
                0x2000067c                O_Delay_s
 .bss.Src_Site_s
                0x200006bc       0x40 ./Core/Src/main.o
                0x200006bc                Src_Site_s
 .bss.CathodType_s
                0x200006fc       0x40 ./Core/Src/main.o
                0x200006fc                CathodType_s
 .bss.DstSite_s
                0x2000073c       0x40 ./Core/Src/main.o
                0x2000073c                DstSite_s
 .bss.Mode_s    0x2000077c       0x40 ./Core/Src/main.o
                0x2000077c                Mode_s
 .bss.StimPeriod_s
                0x200007bc       0x40 ./Core/Src/main.o
                0x200007bc                StimPeriod_s
 .bss.E_PTime1  0x200007fc        0x2 ./Core/Src/main.o
                0x200007fc                E_PTime1
 .bss.E_PTime2  0x200007fe        0x2 ./Core/Src/main.o
                0x200007fe                E_PTime2
 .bss.E_CurA    0x20000800        0x2 ./Core/Src/main.o
                0x20000800                E_CurA
 .bss.E_CurB    0x20000802        0x2 ./Core/Src/main.o
                0x20000802                E_CurB
 .bss.E_CurC    0x20000804        0x2 ./Core/Src/main.o
                0x20000804                E_CurC
 .bss.E_CurD    0x20000806        0x2 ./Core/Src/main.o
                0x20000806                E_CurD
 .bss.E_PulsePeriod
                0x20000808        0x2 ./Core/Src/main.o
                0x20000808                E_PulsePeriod
 .bss.E_Repeat  0x2000080a        0x2 ./Core/Src/main.o
                0x2000080a                E_Repeat
 .bss.E_Delay   0x2000080c        0x2 ./Core/Src/main.o
                0x2000080c                E_Delay
 .bss.O_PTime1  0x2000080e        0x2 ./Core/Src/main.o
                0x2000080e                O_PTime1
 .bss.O_PTime2  0x20000810        0x2 ./Core/Src/main.o
                0x20000810                O_PTime2
 .bss.O_Cur1    0x20000812        0x2 ./Core/Src/main.o
                0x20000812                O_Cur1
 .bss.O_Cur2    0x20000814        0x2 ./Core/Src/main.o
                0x20000814                O_Cur2
 .bss.O_PulsePeriod
                0x20000816        0x2 ./Core/Src/main.o
                0x20000816                O_PulsePeriod
 .bss.O_Repeat  0x20000818        0x2 ./Core/Src/main.o
                0x20000818                O_Repeat
 .bss.O_Delay   0x2000081a        0x2 ./Core/Src/main.o
                0x2000081a                O_Delay
 .bss.Src_Site  0x2000081c        0x2 ./Core/Src/main.o
                0x2000081c                Src_Site
 .bss.CathodType
                0x2000081e        0x2 ./Core/Src/main.o
                0x2000081e                CathodType
 .bss.DstSite   0x20000820        0x2 ./Core/Src/main.o
                0x20000820                DstSite
 .bss.Mode      0x20000822        0x2 ./Core/Src/main.o
                0x20000822                Mode
 .bss.StimPeriod
                0x20000824        0x2 ./Core/Src/main.o
                0x20000824                StimPeriod
 .bss.E_Stimulating
                0x20000826        0x1 ./Core/Src/main.o
                0x20000826                E_Stimulating
 .bss.E_Sti_Count
                0x20000827        0x1 ./Core/Src/main.o
                0x20000827                E_Sti_Count
 .bss.E_SPeriod_flag
                0x20000828        0x1 ./Core/Src/main.o
                0x20000828                E_SPeriod_flag
 .bss.LPeriod_flag
                0x20000829        0x1 ./Core/Src/main.o
                0x20000829                LPeriod_flag
 .bss.O_Stimulating
                0x2000082a        0x1 ./Core/Src/main.o
                0x2000082a                O_Stimulating
 .bss.O_Sti_Count
                0x2000082b        0x1 ./Core/Src/main.o
                0x2000082b                O_Sti_Count
 .bss.O_SPeriod_flag
                0x2000082c        0x1 ./Core/Src/main.o
                0x2000082c                O_SPeriod_flag
 .bss.Esticompleted
                0x2000082d        0x1 ./Core/Src/main.o
                0x2000082d                Esticompleted
 .bss.Ostimcompleted
                0x2000082e        0x1 ./Core/Src/main.o
                0x2000082e                Ostimcompleted
 .bss.O_stimallowed
                0x2000082f        0x1 ./Core/Src/main.o
                0x2000082f                O_stimallowed
 .bss.E_stimallowed
                0x20000830        0x1 ./Core/Src/main.o
                0x20000830                E_stimallowed
 *fill*         0x20000831        0x3 
 .bss.__sbrk_heap_end
                0x20000834        0x4 ./Core/Src/sysmem.o
 .bss.htim2     0x20000838       0x4c ./Core/Src/tim.o
                0x20000838                htim2
 .bss.htim7     0x20000884       0x4c ./Core/Src/tim.o
                0x20000884                htim7
 .bss.htim9     0x200008d0       0x4c ./Core/Src/tim.o
                0x200008d0                htim9
 .bss.htim10    0x2000091c       0x4c ./Core/Src/tim.o
                0x2000091c                htim10
 .bss.htim11    0x20000968       0x4c ./Core/Src/tim.o
                0x20000968                htim11
 .bss.htim12    0x200009b4       0x4c ./Core/Src/tim.o
                0x200009b4                htim12
 .bss.htim13    0x20000a00       0x4c ./Core/Src/tim.o
                0x20000a00                htim13
 .bss.htim14    0x20000a4c       0x4c ./Core/Src/tim.o
                0x20000a4c                htim14
 .bss.uart_data
                0x20000a98        0x1 ./Core/Src/usart.o
                0x20000a98                uart_data
 *fill*         0x20000a99        0x3 
 .bss.g_rxBuffer
                0x20000a9c       0x40 ./Core/Src/usart.o
                0x20000a9c                g_rxBuffer
 .bss.rxIndex   0x20000adc        0x2 ./Core/Src/usart.o
                0x20000adc                rxIndex
 .bss.rxComplete
                0x20000ade        0x1 ./Core/Src/usart.o
                0x20000ade                rxComplete
 *fill*         0x20000adf        0x1 
 .bss.huart3    0x20000ae0       0x88 ./Core/Src/usart.o
                0x20000ae0                huart3
 .bss.uwTick    0x20000b68        0x4 ./Drivers/STM32F7xx_HAL_Driver/Src/stm32f7xx_hal.o
                0x20000b68                uwTick
 .bss.__sf      0x20000b6c      0x138 D:/Software/STM32CubeIDE_1.15.1/STM32CubeIDE/plugins/com.st.stm32cube.ide.mcu.externaltools.gnu-tools-for-stm32.12.3.rel1.win32_1.0.100.202403111256/tools/bin/../lib/gcc/arm-none-eabi/12.3.1/../../../../arm-none-eabi/lib/thumb/v7e-m+dp/hard\libc_nano.a(libc_a-findfp.o)
                0x20000b6c                __sf
 .bss.__stdio_exit_handler
                0x20000ca4        0x4 D:/Software/STM32CubeIDE_1.15.1/STM32CubeIDE/plugins/com.st.stm32cube.ide.mcu.externaltools.gnu-tools-for-stm32.12.3.rel1.win32_1.0.100.202403111256/tools/bin/../lib/gcc/arm-none-eabi/12.3.1/../../../../arm-none-eabi/lib/thumb/v7e-m+dp/hard\libc_nano.a(libc_a-findfp.o)
                0x20000ca4                __stdio_exit_handler
 .bss.errno     0x20000ca8        0x4 D:/Software/STM32CubeIDE_1.15.1/STM32CubeIDE/plugins/com.st.stm32cube.ide.mcu.externaltools.gnu-tools-for-stm32.12.3.rel1.win32_1.0.100.202403111256/tools/bin/../lib/gcc/arm-none-eabi/12.3.1/../../../../arm-none-eabi/lib/thumb/v7e-m+dp/hard\libc_nano.a(libc_a-reent.o)
                0x20000ca8                errno
 .bss.__lock___malloc_recursive_mutex
                0x20000cac        0x1 D:/Software/STM32CubeIDE_1.15.1/STM32CubeIDE/plugins/com.st.stm32cube.ide.mcu.externaltools.gnu-tools-for-stm32.12.3.rel1.win32_1.0.100.202403111256/tools/bin/../lib/gcc/arm-none-eabi/12.3.1/../../../../arm-none-eabi/lib/thumb/v7e-m+dp/hard\libc_nano.a(libc_a-lock.o)
                0x20000cac                __lock___malloc_recursive_mutex
 .bss.__lock___sfp_recursive_mutex
                0x20000cad        0x1 D:/Software/STM32CubeIDE_1.15.1/STM32CubeIDE/plugins/com.st.stm32cube.ide.mcu.externaltools.gnu-tools-for-stm32.12.3.rel1.win32_1.0.100.202403111256/tools/bin/../lib/gcc/arm-none-eabi/12.3.1/../../../../arm-none-eabi/lib/thumb/v7e-m+dp/hard\libc_nano.a(libc_a-lock.o)
                0x20000cad                __lock___sfp_recursive_mutex
 *fill*         0x20000cae        0x2 
 .bss.__malloc_sbrk_start
                0x20000cb0        0x4 D:/Software/STM32CubeIDE_1.15.1/STM32CubeIDE/plugins/com.st.stm32cube.ide.mcu.externaltools.gnu-tools-for-stm32.12.3.rel1.win32_1.0.100.202403111256/tools/bin/../lib/gcc/arm-none-eabi/12.3.1/../../../../arm-none-eabi/lib/thumb/v7e-m+dp/hard\libc_nano.a(libc_a-mallocr.o)
                0x20000cb0                __malloc_sbrk_start
 .bss.__malloc_free_list
                0x20000cb4        0x4 D:/Software/STM32CubeIDE_1.15.1/STM32CubeIDE/plugins/com.st.stm32cube.ide.mcu.externaltools.gnu-tools-for-stm32.12.3.rel1.win32_1.0.100.202403111256/tools/bin/../lib/gcc/arm-none-eabi/12.3.1/../../../../arm-none-eabi/lib/thumb/v7e-m+dp/hard\libc_nano.a(libc_a-mallocr.o)
                0x20000cb4                __malloc_free_list
 *(COMMON)
                0x20000cb8                        . = ALIGN (0x4)
                0x20000cb8                        _ebss = .
                0x20000cb8                        __bss_end__ = _ebss

._user_heap_stack
                0x20000cb8      0x600 load address 0x08008d38
                0x20000cb8                        . = ALIGN (0x8)
                [!provide]                        PROVIDE (end = .)
                0x20000cb8                        PROVIDE (_end = .)
                0x20000eb8                        . = (. + _Min_Heap_Size)
 *fill*         0x20000cb8      0x200 
                0x200012b8                        . = (. + _Min_Stack_Size)
 *fill*         0x20000eb8      0x400 
                0x200012b8                        . = ALIGN (0x8)

/DISCARD/
 libc.a(*)
 libm.a(*)
 libgcc.a(*)

.ARM.attributes
                0x00000000       0x2e
 *(.ARM.attributes)
 .ARM.attributes
                0x00000000       0x20 D:/Software/STM32CubeIDE_1.15.1/STM32CubeIDE/plugins/com.st.stm32cube.ide.mcu.externaltools.gnu-tools-for-stm32.12.3.rel1.win32_1.0.100.202403111256/tools/bin/../lib/gcc/arm-none-eabi/12.3.1/thumb/v7e-m+dp/hard/crti.o
 .ARM.attributes
                0x00000020       0x32 D:/Software/STM32CubeIDE_1.15.1/STM32CubeIDE/plugins/com.st.stm32cube.ide.mcu.externaltools.gnu-tools-for-stm32.12.3.rel1.win32_1.0.100.202403111256/tools/bin/../lib/gcc/arm-none-eabi/12.3.1/thumb/v7e-m+dp/hard/crtbegin.o
 .ARM.attributes
                0x00000052       0x32 ./Core/Src/adc.o
 .ARM.attributes
                0x00000084       0x32 ./Core/Src/dac.o
 .ARM.attributes
                0x000000b6       0x32 ./Core/Src/dma.o
 .ARM.attributes
                0x000000e8       0x32 ./Core/Src/elec.o
 .ARM.attributes
                0x0000011a       0x32 ./Core/Src/gpio.o
 .ARM.attributes
                0x0000014c       0x32 ./Core/Src/main.o
 .ARM.attributes
                0x0000017e       0x32 ./Core/Src/myspi.o
 .ARM.attributes
                0x000001b0       0x32 ./Core/Src/opto.o
 .ARM.attributes
                0x000001e2       0x32 ./Core/Src/stm32f7xx_hal_msp.o
 .ARM.attributes
                0x00000214       0x32 ./Core/Src/stm32f7xx_it.o
 .ARM.attributes
                0x00000246       0x32 ./Core/Src/syscalls.o
 .ARM.attributes
                0x00000278       0x32 ./Core/Src/sysmem.o
 .ARM.attributes
                0x000002aa       0x32 ./Core/Src/system_stm32f7xx.o
 .ARM.attributes
                0x000002dc       0x32 ./Core/Src/tim.o
 .ARM.attributes
                0x0000030e       0x32 ./Core/Src/usart.o
 .ARM.attributes
                0x00000340       0x21 ./Core/Startup/startup_stm32f767zitx.o
 .ARM.attributes
                0x00000361       0x32 ./Drivers/STM32F7xx_HAL_Driver/Src/stm32f7xx_hal.o
 .ARM.attributes
                0x00000393       0x32 ./Drivers/STM32F7xx_HAL_Driver/Src/stm32f7xx_hal_adc.o
 .ARM.attributes
                0x000003c5       0x32 ./Drivers/STM32F7xx_HAL_Driver/Src/stm32f7xx_hal_cortex.o
 .ARM.attributes
                0x000003f7       0x32 ./Drivers/STM32F7xx_HAL_Driver/Src/stm32f7xx_hal_dac.o
 .ARM.attributes
                0x00000429       0x32 ./Drivers/STM32F7xx_HAL_Driver/Src/stm32f7xx_hal_dma.o
 .ARM.attributes
                0x0000045b       0x32 ./Drivers/STM32F7xx_HAL_Driver/Src/stm32f7xx_hal_gpio.o
 .ARM.attributes
                0x0000048d       0x32 ./Drivers/STM32F7xx_HAL_Driver/Src/stm32f7xx_hal_i2c_ex.o
 .ARM.attributes
                0x000004bf       0x32 ./Drivers/STM32F7xx_HAL_Driver/Src/stm32f7xx_hal_pwr.o
 .ARM.attributes
                0x000004f1       0x32 ./Drivers/STM32F7xx_HAL_Driver/Src/stm32f7xx_hal_pwr_ex.o
 .ARM.attributes
                0x00000523       0x32 ./Drivers/STM32F7xx_HAL_Driver/Src/stm32f7xx_hal_rcc.o
 .ARM.attributes
                0x00000555       0x32 ./Drivers/STM32F7xx_HAL_Driver/Src/stm32f7xx_hal_rcc_ex.o
 .ARM.attributes
                0x00000587       0x32 ./Drivers/STM32F7xx_HAL_Driver/Src/stm32f7xx_hal_tim.o
 .ARM.attributes
                0x000005b9       0x32 ./Drivers/STM32F7xx_HAL_Driver/Src/stm32f7xx_hal_tim_ex.o
 .ARM.attributes
                0x000005eb       0x32 ./Drivers/STM32F7xx_HAL_Driver/Src/stm32f7xx_hal_uart.o
 .ARM.attributes
                0x0000061d       0x32 D:/Software/STM32CubeIDE_1.15.1/STM32CubeIDE/plugins/com.st.stm32cube.ide.mcu.externaltools.gnu-tools-for-stm32.12.3.rel1.win32_1.0.100.202403111256/tools/bin/../lib/gcc/arm-none-eabi/12.3.1/../../../../arm-none-eabi/lib/thumb/v7e-m+dp/hard\libc_nano.a(libc_a-atoi.o)
 .ARM.attributes
                0x0000064f       0x32 D:/Software/STM32CubeIDE_1.15.1/STM32CubeIDE/plugins/com.st.stm32cube.ide.mcu.externaltools.gnu-tools-for-stm32.12.3.rel1.win32_1.0.100.202403111256/tools/bin/../lib/gcc/arm-none-eabi/12.3.1/../../../../arm-none-eabi/lib/thumb/v7e-m+dp/hard\libc_nano.a(libc_a-strtol.o)
 .ARM.attributes
                0x00000681       0x32 D:/Software/STM32CubeIDE_1.15.1/STM32CubeIDE/plugins/com.st.stm32cube.ide.mcu.externaltools.gnu-tools-for-stm32.12.3.rel1.win32_1.0.100.202403111256/tools/bin/../lib/gcc/arm-none-eabi/12.3.1/../../../../arm-none-eabi/lib/thumb/v7e-m+dp/hard\libc_nano.a(libc_a-ctype_.o)
 .ARM.attributes
                0x000006b3       0x32 D:/Software/STM32CubeIDE_1.15.1/STM32CubeIDE/plugins/com.st.stm32cube.ide.mcu.externaltools.gnu-tools-for-stm32.12.3.rel1.win32_1.0.100.202403111256/tools/bin/../lib/gcc/arm-none-eabi/12.3.1/../../../../arm-none-eabi/lib/thumb/v7e-m+dp/hard\libc_nano.a(libc_a-findfp.o)
 .ARM.attributes
                0x000006e5       0x32 D:/Software/STM32CubeIDE_1.15.1/STM32CubeIDE/plugins/com.st.stm32cube.ide.mcu.externaltools.gnu-tools-for-stm32.12.3.rel1.win32_1.0.100.202403111256/tools/bin/../lib/gcc/arm-none-eabi/12.3.1/../../../../arm-none-eabi/lib/thumb/v7e-m+dp/hard\libc_nano.a(libc_a-fwalk.o)
 .ARM.attributes
                0x00000717       0x32 D:/Software/STM32CubeIDE_1.15.1/STM32CubeIDE/plugins/com.st.stm32cube.ide.mcu.externaltools.gnu-tools-for-stm32.12.3.rel1.win32_1.0.100.202403111256/tools/bin/../lib/gcc/arm-none-eabi/12.3.1/../../../../arm-none-eabi/lib/thumb/v7e-m+dp/hard\libc_nano.a(libc_a-stdio.o)
 .ARM.attributes
                0x00000749       0x32 D:/Software/STM32CubeIDE_1.15.1/STM32CubeIDE/plugins/com.st.stm32cube.ide.mcu.externaltools.gnu-tools-for-stm32.12.3.rel1.win32_1.0.100.202403111256/tools/bin/../lib/gcc/arm-none-eabi/12.3.1/../../../../arm-none-eabi/lib/thumb/v7e-m+dp/hard\libc_nano.a(libc_a-memset.o)
 .ARM.attributes
                0x0000077b       0x32 D:/Software/STM32CubeIDE_1.15.1/STM32CubeIDE/plugins/com.st.stm32cube.ide.mcu.externaltools.gnu-tools-for-stm32.12.3.rel1.win32_1.0.100.202403111256/tools/bin/../lib/gcc/arm-none-eabi/12.3.1/../../../../arm-none-eabi/lib/thumb/v7e-m+dp/hard\libc_nano.a(libc_a-strtok.o)
 .ARM.attributes
                0x000007ad       0x32 D:/Software/STM32CubeIDE_1.15.1/STM32CubeIDE/plugins/com.st.stm32cube.ide.mcu.externaltools.gnu-tools-for-stm32.12.3.rel1.win32_1.0.100.202403111256/tools/bin/../lib/gcc/arm-none-eabi/12.3.1/../../../../arm-none-eabi/lib/thumb/v7e-m+dp/hard\libc_nano.a(libc_a-strtok_r.o)
 .ARM.attributes
                0x000007df       0x32 D:/Software/STM32CubeIDE_1.15.1/STM32CubeIDE/plugins/com.st.stm32cube.ide.mcu.externaltools.gnu-tools-for-stm32.12.3.rel1.win32_1.0.100.202403111256/tools/bin/../lib/gcc/arm-none-eabi/12.3.1/../../../../arm-none-eabi/lib/thumb/v7e-m+dp/hard\libc_nano.a(libc_a-closer.o)
 .ARM.attributes
                0x00000811       0x32 D:/Software/STM32CubeIDE_1.15.1/STM32CubeIDE/plugins/com.st.stm32cube.ide.mcu.externaltools.gnu-tools-for-stm32.12.3.rel1.win32_1.0.100.202403111256/tools/bin/../lib/gcc/arm-none-eabi/12.3.1/../../../../arm-none-eabi/lib/thumb/v7e-m+dp/hard\libc_nano.a(libc_a-reent.o)
 .ARM.attributes
                0x00000843       0x32 D:/Software/STM32CubeIDE_1.15.1/STM32CubeIDE/plugins/com.st.stm32cube.ide.mcu.externaltools.gnu-tools-for-stm32.12.3.rel1.win32_1.0.100.202403111256/tools/bin/../lib/gcc/arm-none-eabi/12.3.1/../../../../arm-none-eabi/lib/thumb/v7e-m+dp/hard\libc_nano.a(libc_a-impure.o)
 .ARM.attributes
                0x00000875       0x32 D:/Software/STM32CubeIDE_1.15.1/STM32CubeIDE/plugins/com.st.stm32cube.ide.mcu.externaltools.gnu-tools-for-stm32.12.3.rel1.win32_1.0.100.202403111256/tools/bin/../lib/gcc/arm-none-eabi/12.3.1/../../../../arm-none-eabi/lib/thumb/v7e-m+dp/hard\libc_nano.a(libc_a-lseekr.o)
 .ARM.attributes
                0x000008a7       0x32 D:/Software/STM32CubeIDE_1.15.1/STM32CubeIDE/plugins/com.st.stm32cube.ide.mcu.externaltools.gnu-tools-for-stm32.12.3.rel1.win32_1.0.100.202403111256/tools/bin/../lib/gcc/arm-none-eabi/12.3.1/../../../../arm-none-eabi/lib/thumb/v7e-m+dp/hard\libc_nano.a(libc_a-readr.o)
 .ARM.attributes
                0x000008d9       0x32 D:/Software/STM32CubeIDE_1.15.1/STM32CubeIDE/plugins/com.st.stm32cube.ide.mcu.externaltools.gnu-tools-for-stm32.12.3.rel1.win32_1.0.100.202403111256/tools/bin/../lib/gcc/arm-none-eabi/12.3.1/../../../../arm-none-eabi/lib/thumb/v7e-m+dp/hard\libc_nano.a(libc_a-writer.o)
 .ARM.attributes
                0x0000090b       0x32 D:/Software/STM32CubeIDE_1.15.1/STM32CubeIDE/plugins/com.st.stm32cube.ide.mcu.externaltools.gnu-tools-for-stm32.12.3.rel1.win32_1.0.100.202403111256/tools/bin/../lib/gcc/arm-none-eabi/12.3.1/../../../../arm-none-eabi/lib/thumb/v7e-m+dp/hard\libc_nano.a(libc_a-errno.o)
 .ARM.attributes
                0x0000093d       0x32 D:/Software/STM32CubeIDE_1.15.1/STM32CubeIDE/plugins/com.st.stm32cube.ide.mcu.externaltools.gnu-tools-for-stm32.12.3.rel1.win32_1.0.100.202403111256/tools/bin/../lib/gcc/arm-none-eabi/12.3.1/../../../../arm-none-eabi/lib/thumb/v7e-m+dp/hard\libc_nano.a(libc_a-init.o)
 .ARM.attributes
                0x0000096f       0x32 D:/Software/STM32CubeIDE_1.15.1/STM32CubeIDE/plugins/com.st.stm32cube.ide.mcu.externaltools.gnu-tools-for-stm32.12.3.rel1.win32_1.0.100.202403111256/tools/bin/../lib/gcc/arm-none-eabi/12.3.1/../../../../arm-none-eabi/lib/thumb/v7e-m+dp/hard\libc_nano.a(libc_a-lock.o)
 .ARM.attributes
                0x000009a1       0x1e D:/Software/STM32CubeIDE_1.15.1/STM32CubeIDE/plugins/com.st.stm32cube.ide.mcu.externaltools.gnu-tools-for-stm32.12.3.rel1.win32_1.0.100.202403111256/tools/bin/../lib/gcc/arm-none-eabi/12.3.1/../../../../arm-none-eabi/lib/thumb/v7e-m+dp/hard\libc_nano.a(libc_a-strcmp.o)
 .ARM.attributes
                0x000009bf       0x32 D:/Software/STM32CubeIDE_1.15.1/STM32CubeIDE/plugins/com.st.stm32cube.ide.mcu.externaltools.gnu-tools-for-stm32.12.3.rel1.win32_1.0.100.202403111256/tools/bin/../lib/gcc/arm-none-eabi/12.3.1/../../../../arm-none-eabi/lib/thumb/v7e-m+dp/hard\libc_nano.a(libc_a-strcpy.o)
 .ARM.attributes
                0x000009f1       0x32 D:/Software/STM32CubeIDE_1.15.1/STM32CubeIDE/plugins/com.st.stm32cube.ide.mcu.externaltools.gnu-tools-for-stm32.12.3.rel1.win32_1.0.100.202403111256/tools/bin/../lib/gcc/arm-none-eabi/12.3.1/../../../../arm-none-eabi/lib/thumb/v7e-m+dp/hard\libc_nano.a(libc_a-assert.o)
 .ARM.attributes
                0x00000a23       0x32 D:/Software/STM32CubeIDE_1.15.1/STM32CubeIDE/plugins/com.st.stm32cube.ide.mcu.externaltools.gnu-tools-for-stm32.12.3.rel1.win32_1.0.100.202403111256/tools/bin/../lib/gcc/arm-none-eabi/12.3.1/../../../../arm-none-eabi/lib/thumb/v7e-m+dp/hard\libc_nano.a(libc_a-freer.o)
 .ARM.attributes
                0x00000a55       0x32 D:/Software/STM32CubeIDE_1.15.1/STM32CubeIDE/plugins/com.st.stm32cube.ide.mcu.externaltools.gnu-tools-for-stm32.12.3.rel1.win32_1.0.100.202403111256/tools/bin/../lib/gcc/arm-none-eabi/12.3.1/../../../../arm-none-eabi/lib/thumb/v7e-m+dp/hard\libc_nano.a(libc_a-malloc.o)
 .ARM.attributes
                0x00000a87       0x32 D:/Software/STM32CubeIDE_1.15.1/STM32CubeIDE/plugins/com.st.stm32cube.ide.mcu.externaltools.gnu-tools-for-stm32.12.3.rel1.win32_1.0.100.202403111256/tools/bin/../lib/gcc/arm-none-eabi/12.3.1/../../../../arm-none-eabi/lib/thumb/v7e-m+dp/hard\libc_nano.a(libc_a-mallocr.o)
 .ARM.attributes
                0x00000ab9       0x32 D:/Software/STM32CubeIDE_1.15.1/STM32CubeIDE/plugins/com.st.stm32cube.ide.mcu.externaltools.gnu-tools-for-stm32.12.3.rel1.win32_1.0.100.202403111256/tools/bin/../lib/gcc/arm-none-eabi/12.3.1/../../../../arm-none-eabi/lib/thumb/v7e-m+dp/hard\libc_nano.a(libc_a-mlock.o)
 .ARM.attributes
                0x00000aeb       0x32 D:/Software/STM32CubeIDE_1.15.1/STM32CubeIDE/plugins/com.st.stm32cube.ide.mcu.externaltools.gnu-tools-for-stm32.12.3.rel1.win32_1.0.100.202403111256/tools/bin/../lib/gcc/arm-none-eabi/12.3.1/../../../../arm-none-eabi/lib/thumb/v7e-m+dp/hard\libc_nano.a(libc_a-fflush.o)
 .ARM.attributes
                0x00000b1d       0x32 D:/Software/STM32CubeIDE_1.15.1/STM32CubeIDE/plugins/com.st.stm32cube.ide.mcu.externaltools.gnu-tools-for-stm32.12.3.rel1.win32_1.0.100.202403111256/tools/bin/../lib/gcc/arm-none-eabi/12.3.1/../../../../arm-none-eabi/lib/thumb/v7e-m+dp/hard\libc_nano.a(libc_a-fprintf.o)
 .ARM.attributes
                0x00000b4f       0x32 D:/Software/STM32CubeIDE_1.15.1/STM32CubeIDE/plugins/com.st.stm32cube.ide.mcu.externaltools.gnu-tools-for-stm32.12.3.rel1.win32_1.0.100.202403111256/tools/bin/../lib/gcc/arm-none-eabi/12.3.1/../../../../arm-none-eabi/lib/thumb/v7e-m+dp/hard\libc_nano.a(libc_a-sbrkr.o)
 .ARM.attributes
                0x00000b81       0x32 D:/Software/STM32CubeIDE_1.15.1/STM32CubeIDE/plugins/com.st.stm32cube.ide.mcu.externaltools.gnu-tools-for-stm32.12.3.rel1.win32_1.0.100.202403111256/tools/bin/../lib/gcc/arm-none-eabi/12.3.1/../../../../arm-none-eabi/lib/thumb/v7e-m+dp/hard\libc_nano.a(libc_a-abort.o)
 .ARM.attributes